Sat Jun  7 02:24:00 CDT 2025: Checking if NextJS server is running...
Sat Jun  7 02:24:00 CDT 2025: Running scheduled reports
/Users/sim/Project2/scripts/../scripts/run-simple-scheduled-reports.sh: line 16: node: command not found
Sat Jun  7 02:24:01 CDT 2025: NextJS server is not running. Skipping scheduled reports check.
Sat Jun  7 02:25:00 CDT 2025: Checking if NextJS server is running...
Sat Jun  7 02:25:00 CDT 2025: Running scheduled reports
/Users/sim/Project2/scripts/../scripts/run-simple-scheduled-reports.sh: line 16: node: command not found
Sat Jun  7 02:25:00 CDT 2025: NextJS server is not running. Skipping scheduled reports check.
Sat Jun  7 02:26:00 CDT 2025: Running scheduled reports
Sat Jun  7 02:26:00 CDT 2025: Checking if NextJS server is running...
/Users/sim/Project2/scripts/../scripts/run-simple-scheduled-reports.sh: line 16: node: command not found
Sat Jun  7 02:26:00 CDT 2025: NextJS server is not running. Skipping scheduled reports check.
Sat Jun  7 02:27:00 CDT 2025: Checking if NextJS server is running...
Sat Jun  7 02:27:00 CDT 2025: Running scheduled reports
/Users/sim/Project2/scripts/../scripts/run-simple-scheduled-reports.sh: line 16: node: command not found
Sat Jun  7 02:27:00 CDT 2025: NextJS server is not running. Skipping scheduled reports check.
Sat Jun  7 02:28:00 CDT 2025: Checking if NextJS server is running...
Sat Jun  7 02:28:00 CDT 2025: Running scheduled reports
/Users/sim/Project2/scripts/../scripts/run-simple-scheduled-reports.sh: line 16: node: command not found
Sat Jun  7 02:28:00 CDT 2025: NextJS server is not running. Skipping scheduled reports check.
Sat Jun  7 02:29:00 CDT 2025: Checking if NextJS server is running...
Sat Jun  7 02:29:00 CDT 2025: Running scheduled reports
/Users/sim/Project2/scripts/../scripts/run-simple-scheduled-reports.sh: line 16: node: command not found
Sat Jun  7 02:29:00 CDT 2025: NextJS server is not running. Skipping scheduled reports check.
Sat Jun  7 02:30:01 CDT 2025: Running scheduled reports
Sat Jun  7 02:30:01 CDT 2025: Checking if NextJS server is running...
/Users/sim/Project2/scripts/../scripts/run-simple-scheduled-reports.sh: line 16: node: command not found
Sat Jun  7 02:30:01 CDT 2025: NextJS server is not running. Skipping scheduled reports check.
Sat Jun  7 02:31:00 CDT 2025: Running scheduled reports
Sat Jun  7 02:31:00 CDT 2025: Checking if NextJS server is running...
/Users/sim/Project2/scripts/../scripts/run-simple-scheduled-reports.sh: line 16: node: command not found
Sat Jun  7 02:31:00 CDT 2025: NextJS server is not running. Skipping scheduled reports check.
Sat Jun  7 02:32:00 CDT 2025: Checking if NextJS server is running...
Sat Jun  7 02:32:00 CDT 2025: Running scheduled reports
/Users/sim/Project2/scripts/../scripts/run-simple-scheduled-reports.sh: line 16: node: command not found
Sat Jun  7 02:32:00 CDT 2025: NextJS server is not running. Skipping scheduled reports check.
Sat Jun  7 02:33:00 CDT 2025: Checking if NextJS server is running...
Sat Jun  7 02:33:00 CDT 2025: Running scheduled reports
/Users/sim/Project2/scripts/../scripts/run-simple-scheduled-reports.sh: line 16: node: command not found
Sat Jun  7 02:33:00 CDT 2025: NextJS server is not running. Skipping scheduled reports check.
Sat Jun  7 02:34:00 CDT 2025: Running scheduled reports
Sat Jun  7 02:34:00 CDT 2025: Checking if NextJS server is running...
/Users/sim/Project2/scripts/../scripts/run-simple-scheduled-reports.sh: line 16: node: command not found
Sat Jun  7 02:34:00 CDT 2025: NextJS server is not running. Skipping scheduled reports check.
Sat Jun  7 02:35:00 CDT 2025: Checking if NextJS server is running...
Sat Jun  7 02:35:00 CDT 2025: Running scheduled reports
/Users/sim/Project2/scripts/../scripts/run-simple-scheduled-reports.sh: line 16: node: command not found
Sat Jun  7 02:35:00 CDT 2025: NextJS server is not running. Skipping scheduled reports check.
Sat Jun  7 02:36:00 CDT 2025: Checking if NextJS server is running...
Sat Jun  7 02:36:00 CDT 2025: Running scheduled reports
/Users/sim/Project2/scripts/../scripts/run-simple-scheduled-reports.sh: line 16: node: command not found
Sat Jun  7 02:36:00 CDT 2025: NextJS server is not running. Skipping scheduled reports check.
Sat Jun  7 02:37:01 CDT 2025: Running scheduled reports
Sat Jun  7 02:37:01 CDT 2025: Checking if NextJS server is running...
/Users/sim/Project2/scripts/../scripts/run-simple-scheduled-reports.sh: line 16: node: command not found
Sat Jun  7 02:37:01 CDT 2025: NextJS server is not running. Skipping scheduled reports check.
Sat Jun  7 02:38:00 CDT 2025: Running scheduled reports
Sat Jun  7 02:38:00 CDT 2025: Checking if NextJS server is running...
/Users/sim/Project2/scripts/../scripts/run-simple-scheduled-reports.sh: line 16: node: command not found
Sat Jun  7 02:38:00 CDT 2025: NextJS server is not running. Skipping scheduled reports check.
Sat Jun  7 02:39:00 CDT 2025: Checking if NextJS server is running...
Sat Jun  7 02:39:00 CDT 2025: Running scheduled reports
/Users/sim/Project2/scripts/../scripts/run-simple-scheduled-reports.sh: line 16: node: command not found
Sat Jun  7 02:39:00 CDT 2025: NextJS server is not running. Skipping scheduled reports check.
Sat Jun  7 02:40:00 CDT 2025: Running scheduled reports
Sat Jun  7 02:40:00 CDT 2025: Checking if NextJS server is running...
/Users/sim/Project2/scripts/../scripts/run-simple-scheduled-reports.sh: line 16: node: command not found
Sat Jun  7 02:40:00 CDT 2025: NextJS server is not running. Skipping scheduled reports check.
Sat Jun  7 02:41:00 CDT 2025: Running scheduled reports
Sat Jun  7 02:41:00 CDT 2025: Checking if NextJS server is running...
/Users/sim/Project2/scripts/../scripts/run-simple-scheduled-reports.sh: line 16: node: command not found
Sat Jun  7 02:41:00 CDT 2025: NextJS server is not running. Skipping scheduled reports check.
Sat Jun  7 02:42:00 CDT 2025: Checking if NextJS server is running...
Sat Jun  7 02:42:00 CDT 2025: Running scheduled reports
/Users/sim/Project2/scripts/../scripts/run-simple-scheduled-reports.sh: line 16: node: command not found
Sat Jun  7 02:42:00 CDT 2025: NextJS server is not running. Skipping scheduled reports check.
Sat Jun  7 02:43:01 CDT 2025: Running scheduled reports
Sat Jun  7 02:43:01 CDT 2025: Checking if NextJS server is running...
/Users/sim/Project2/scripts/../scripts/run-simple-scheduled-reports.sh: line 16: node: command not found
Sat Jun  7 02:43:01 CDT 2025: NextJS server is not running. Skipping scheduled reports check.
Sat Jun  7 02:44:00 CDT 2025: Checking if NextJS server is running...
Sat Jun  7 02:44:00 CDT 2025: Running scheduled reports
/Users/sim/Project2/scripts/../scripts/run-simple-scheduled-reports.sh: line 16: node: command not found
Sat Jun  7 02:44:00 CDT 2025: NextJS server is not running. Skipping scheduled reports check.
Sat Jun  7 02:45:00 CDT 2025: Checking if NextJS server is running...
Sat Jun  7 02:45:00 CDT 2025: Running scheduled reports
/Users/sim/Project2/scripts/../scripts/run-simple-scheduled-reports.sh: line 16: node: command not found
Sat Jun  7 02:45:00 CDT 2025: NextJS server is not running. Skipping scheduled reports check.
Sat Jun  7 02:46:00 CDT 2025: Running scheduled reports
Sat Jun  7 02:46:00 CDT 2025: Checking if NextJS server is running...
/Users/sim/Project2/scripts/../scripts/run-simple-scheduled-reports.sh: line 16: node: command not found
Sat Jun  7 02:46:00 CDT 2025: NextJS server is not running. Skipping scheduled reports check.
Sat Jun  7 02:47:01 CDT 2025: Running scheduled reports
Sat Jun  7 02:47:01 CDT 2025: Checking if NextJS server is running...
/Users/sim/Project2/scripts/../scripts/run-simple-scheduled-reports.sh: line 16: node: command not found
Sat Jun  7 02:47:01 CDT 2025: NextJS server is not running. Skipping scheduled reports check.
Sat Jun  7 02:48:00 CDT 2025: Running scheduled reports
Sat Jun  7 02:48:00 CDT 2025: Checking if NextJS server is running...
/Users/sim/Project2/scripts/../scripts/run-simple-scheduled-reports.sh: line 16: node: command not found
Sat Jun  7 02:48:00 CDT 2025: NextJS server is not running. Skipping scheduled reports check.
Sat Jun  7 02:49:00 CDT 2025: Checking if NextJS server is running...
Sat Jun  7 02:49:00 CDT 2025: Running scheduled reports
/Users/sim/Project2/scripts/../scripts/run-simple-scheduled-reports.sh: line 16: node: command not found
Sat Jun  7 02:49:00 CDT 2025: NextJS server is not running. Skipping scheduled reports check.
Sat Jun  7 02:50:00 CDT 2025: Checking if NextJS server is running...
Sat Jun  7 02:50:00 CDT 2025: Running scheduled reports
/Users/sim/Project2/scripts/../scripts/run-simple-scheduled-reports.sh: line 16: node: command not found
Sat Jun  7 02:50:00 CDT 2025: NextJS server is not running. Skipping scheduled reports check.
Sat Jun  7 02:51:00 CDT 2025: Checking if NextJS server is running...
Sat Jun  7 02:51:00 CDT 2025: Running scheduled reports
/Users/sim/Project2/scripts/../scripts/run-simple-scheduled-reports.sh: line 16: node: command not found
Sat Jun  7 02:51:00 CDT 2025: NextJS server is not running. Skipping scheduled reports check.
Sat Jun  7 02:52:00 CDT 2025: Running scheduled reports
Sat Jun  7 02:52:00 CDT 2025: Checking if NextJS server is running...
/Users/sim/Project2/scripts/../scripts/run-simple-scheduled-reports.sh: line 16: node: command not found
Sat Jun  7 02:52:01 CDT 2025: NextJS server is not running. Skipping scheduled reports check.
Sat Jun  7 02:53:00 CDT 2025: Running scheduled reports
Sat Jun  7 02:53:00 CDT 2025: Checking if NextJS server is running...
/Users/sim/Project2/scripts/../scripts/run-simple-scheduled-reports.sh: line 16: node: command not found
Sat Jun  7 02:53:00 CDT 2025: NextJS server is not running. Skipping scheduled reports check.
Sat Jun  7 02:54:00 CDT 2025: Running scheduled reports
Sat Jun  7 02:54:00 CDT 2025: Checking if NextJS server is running...
/Users/sim/Project2/scripts/../scripts/run-simple-scheduled-reports.sh: line 16: node: command not found
Sat Jun  7 02:54:00 CDT 2025: NextJS server is not running. Skipping scheduled reports check.
Sat Jun  7 02:55:00 CDT 2025: Checking if NextJS server is running...
Sat Jun  7 02:55:00 CDT 2025: Running scheduled reports
/Users/sim/Project2/scripts/../scripts/run-simple-scheduled-reports.sh: line 16: node: command not found
Sat Jun  7 02:55:00 CDT 2025: NextJS server is not running. Skipping scheduled reports check.
Sat Jun  7 02:56:00 CDT 2025: Running scheduled reports
Sat Jun  7 02:56:00 CDT 2025: Checking if NextJS server is running...
/Users/sim/Project2/scripts/../scripts/run-simple-scheduled-reports.sh: line 16: node: command not found
Sat Jun  7 02:56:00 CDT 2025: NextJS server is not running. Skipping scheduled reports check.
Sat Jun  7 02:57:00 CDT 2025: Checking if NextJS server is running...
Sat Jun  7 02:57:00 CDT 2025: Running scheduled reports
/Users/sim/Project2/scripts/../scripts/run-simple-scheduled-reports.sh: line 16: node: command not found
Sat Jun  7 02:57:00 CDT 2025: NextJS server is not running. Skipping scheduled reports check.
Sat Jun  7 02:58:01 CDT 2025: Checking if NextJS server is running...
Sat Jun  7 02:58:01 CDT 2025: Running scheduled reports
/Users/sim/Project2/scripts/../scripts/run-simple-scheduled-reports.sh: line 16: node: command not found
Sat Jun  7 02:58:01 CDT 2025: NextJS server is not running. Skipping scheduled reports check.
Sat Jun  7 02:59:00 CDT 2025: Running scheduled reports
Sat Jun  7 02:59:00 CDT 2025: Checking if NextJS server is running...
/Users/sim/Project2/scripts/../scripts/run-simple-scheduled-reports.sh: line 16: node: command not found
Sat Jun  7 02:59:00 CDT 2025: NextJS server is not running. Skipping scheduled reports check.
Sat Jun  7 03:00:00 CDT 2025: Checking if NextJS server is running...
Sat Jun  7 03:00:00 CDT 2025: Running scheduled reports
/Users/sim/Project2/scripts/../scripts/run-simple-scheduled-reports.sh: line 16: node: command not found
Sat Jun  7 03:00:00 CDT 2025: NextJS server is not running. Skipping scheduled reports check.
Sat Jun  7 03:01:00 CDT 2025: Checking if NextJS server is running...
Sat Jun  7 03:01:00 CDT 2025: Running scheduled reports
/Users/sim/Project2/scripts/../scripts/run-simple-scheduled-reports.sh: line 16: node: command not found
Sat Jun  7 03:01:00 CDT 2025: NextJS server is not running. Skipping scheduled reports check.
Sat Jun  7 03:02:00 CDT 2025: Running scheduled reports
Sat Jun  7 03:02:00 CDT 2025: Checking if NextJS server is running...
/Users/sim/Project2/scripts/../scripts/run-simple-scheduled-reports.sh: line 16: node: command not found
Sat Jun  7 03:02:00 CDT 2025: NextJS server is not running. Skipping scheduled reports check.
Sat Jun  7 03:03:00 CDT 2025: Checking if NextJS server is running...
Sat Jun  7 03:03:00 CDT 2025: Running scheduled reports
/Users/sim/Project2/scripts/../scripts/run-simple-scheduled-reports.sh: line 16: node: command not found
Sat Jun  7 03:03:00 CDT 2025: NextJS server is not running. Skipping scheduled reports check.
Sat Jun  7 03:04:01 CDT 2025: Running scheduled reports
Sat Jun  7 03:04:01 CDT 2025: Checking if NextJS server is running...
/Users/sim/Project2/scripts/../scripts/run-simple-scheduled-reports.sh: line 16: node: command not found
Sat Jun  7 03:04:01 CDT 2025: NextJS server is not running. Skipping scheduled reports check.
Sat Jun  7 03:05:00 CDT 2025: Running scheduled reports
Sat Jun  7 03:05:00 CDT 2025: Checking if NextJS server is running...
/Users/sim/Project2/scripts/../scripts/run-simple-scheduled-reports.sh: line 16: node: command not found
Sat Jun  7 03:05:00 CDT 2025: NextJS server is not running. Skipping scheduled reports check.
Sat Jun  7 03:06:00 CDT 2025: Running scheduled reports
Sat Jun  7 03:06:00 CDT 2025: Checking if NextJS server is running...
/Users/sim/Project2/scripts/../scripts/run-simple-scheduled-reports.sh: line 16: node: command not found
Sat Jun  7 03:06:00 CDT 2025: NextJS server is not running. Skipping scheduled reports check.
Sat Jun  7 03:07:00 CDT 2025: Checking if NextJS server is running...
Sat Jun  7 03:07:00 CDT 2025: Running scheduled reports
/Users/sim/Project2/scripts/../scripts/run-simple-scheduled-reports.sh: line 16: node: command not found
Sat Jun  7 03:07:00 CDT 2025: NextJS server is not running. Skipping scheduled reports check.
Sat Jun  7 03:08:00 CDT 2025: Checking if NextJS server is running...
Sat Jun  7 03:08:00 CDT 2025: Running scheduled reports
/Users/sim/Project2/scripts/../scripts/run-simple-scheduled-reports.sh: line 16: node: command not found
Sat Jun  7 03:08:00 CDT 2025: NextJS server is not running. Skipping scheduled reports check.
Sat Jun  7 03:09:00 CDT 2025: Checking if NextJS server is running...
Sat Jun  7 03:09:00 CDT 2025: Running scheduled reports
/Users/sim/Project2/scripts/../scripts/run-simple-scheduled-reports.sh: line 16: node: command not found
Sat Jun  7 03:09:00 CDT 2025: NextJS server is not running. Skipping scheduled reports check.
Sat Jun  7 03:10:00 CDT 2025: Running scheduled reports
Sat Jun  7 03:10:00 CDT 2025: Checking if NextJS server is running...
/Users/sim/Project2/scripts/../scripts/run-simple-scheduled-reports.sh: line 16: node: command not found
Sat Jun  7 03:10:00 CDT 2025: NextJS server is not running. Skipping scheduled reports check.
Sat Jun  7 03:11:00 CDT 2025: Running scheduled reports
Sat Jun  7 03:11:00 CDT 2025: Checking if NextJS server is running...
/Users/sim/Project2/scripts/../scripts/run-simple-scheduled-reports.sh: line 16: node: command not found
Sat Jun  7 03:11:00 CDT 2025: NextJS server is not running. Skipping scheduled reports check.
Sat Jun  7 03:12:00 CDT 2025: Running scheduled reports
Sat Jun  7 03:12:00 CDT 2025: Checking if NextJS server is running...
/Users/sim/Project2/scripts/../scripts/run-simple-scheduled-reports.sh: line 16: node: command not found
Sat Jun  7 03:12:00 CDT 2025: NextJS server is not running. Skipping scheduled reports check.
Sat Jun  7 03:13:00 CDT 2025: Checking if NextJS server is running...
Sat Jun  7 03:13:00 CDT 2025: Running scheduled reports
/Users/sim/Project2/scripts/../scripts/run-simple-scheduled-reports.sh: line 16: node: command not found
Sat Jun  7 03:13:00 CDT 2025: NextJS server is not running. Skipping scheduled reports check.
Sat Jun  7 03:14:01 CDT 2025: Checking if NextJS server is running...
Sat Jun  7 03:14:01 CDT 2025: Running scheduled reports
/Users/sim/Project2/scripts/../scripts/run-simple-scheduled-reports.sh: line 16: node: command not found
Sat Jun  7 03:14:01 CDT 2025: NextJS server is not running. Skipping scheduled reports check.
Sat Jun  7 03:15:00 CDT 2025: Running scheduled reports
Sat Jun  7 03:15:00 CDT 2025: Checking if NextJS server is running...
/Users/sim/Project2/scripts/../scripts/run-simple-scheduled-reports.sh: line 16: node: command not found
Sat Jun  7 03:15:00 CDT 2025: NextJS server is not running. Skipping scheduled reports check.
Sat Jun  7 03:16:00 CDT 2025: Checking if NextJS server is running...
Sat Jun  7 03:16:00 CDT 2025: Running scheduled reports
/Users/sim/Project2/scripts/../scripts/run-simple-scheduled-reports.sh: line 16: node: command not found
Sat Jun  7 03:16:00 CDT 2025: NextJS server is not running. Skipping scheduled reports check.
Sat Jun  7 03:17:00 CDT 2025: Running scheduled reports
Sat Jun  7 03:17:00 CDT 2025: Checking if NextJS server is running...
/Users/sim/Project2/scripts/../scripts/run-simple-scheduled-reports.sh: line 16: node: command not found
Sat Jun  7 03:17:00 CDT 2025: NextJS server is not running. Skipping scheduled reports check.
Sat Jun  7 03:18:01 CDT 2025: Checking if NextJS server is running...
Sat Jun  7 03:18:01 CDT 2025: Running scheduled reports
/Users/sim/Project2/scripts/../scripts/run-simple-scheduled-reports.sh: line 16: node: command not found
Sat Jun  7 03:18:01 CDT 2025: NextJS server is not running. Skipping scheduled reports check.
Sat Jun  7 03:19:00 CDT 2025: Running scheduled reports
Sat Jun  7 03:19:00 CDT 2025: Checking if NextJS server is running...
/Users/sim/Project2/scripts/../scripts/run-simple-scheduled-reports.sh: line 16: node: command not found
Sat Jun  7 03:19:00 CDT 2025: NextJS server is not running. Skipping scheduled reports check.
Sat Jun  7 03:20:00 CDT 2025: Running scheduled reports
Sat Jun  7 03:20:00 CDT 2025: Checking if NextJS server is running...
/Users/sim/Project2/scripts/../scripts/run-simple-scheduled-reports.sh: line 16: node: command not found
Sat Jun  7 03:20:00 CDT 2025: NextJS server is not running. Skipping scheduled reports check.
Sat Jun  7 03:21:00 CDT 2025: Running scheduled reports
Sat Jun  7 03:21:00 CDT 2025: Checking if NextJS server is running...
/Users/sim/Project2/scripts/../scripts/run-simple-scheduled-reports.sh: line 16: node: command not found
Sat Jun  7 03:21:00 CDT 2025: NextJS server is not running. Skipping scheduled reports check.
Sat Jun  7 03:22:00 CDT 2025: Running scheduled reports
Sat Jun  7 03:22:00 CDT 2025: Checking if NextJS server is running...
/Users/sim/Project2/scripts/../scripts/run-simple-scheduled-reports.sh: line 16: node: command not found
Sat Jun  7 03:22:00 CDT 2025: NextJS server is not running. Skipping scheduled reports check.
Sat Jun  7 03:23:00 CDT 2025: Running scheduled reports
Sat Jun  7 03:23:00 CDT 2025: Checking if NextJS server is running...
/Users/sim/Project2/scripts/../scripts/run-simple-scheduled-reports.sh: line 16: node: command not found
Sat Jun  7 03:23:01 CDT 2025: NextJS server is not running. Skipping scheduled reports check.
Sat Jun  7 03:24:00 CDT 2025: Running scheduled reports
Sat Jun  7 03:24:00 CDT 2025: Checking if NextJS server is running...
/Users/sim/Project2/scripts/../scripts/run-simple-scheduled-reports.sh: line 16: node: command not found
Sat Jun  7 03:24:00 CDT 2025: NextJS server is not running. Skipping scheduled reports check.
Sat Jun  7 03:25:00 CDT 2025: Running scheduled reports
Sat Jun  7 03:25:00 CDT 2025: Checking if NextJS server is running...
/Users/sim/Project2/scripts/../scripts/run-simple-scheduled-reports.sh: line 16: node: command not found
Sat Jun  7 03:25:00 CDT 2025: NextJS server is not running. Skipping scheduled reports check.
Sat Jun  7 03:26:00 CDT 2025: Checking if NextJS server is running...
Sat Jun  7 03:26:00 CDT 2025: Running scheduled reports
/Users/sim/Project2/scripts/../scripts/run-simple-scheduled-reports.sh: line 16: node: command not found
Sat Jun  7 03:26:00 CDT 2025: NextJS server is not running. Skipping scheduled reports check.
Sat Jun  7 03:27:00 CDT 2025: Running scheduled reports
Sat Jun  7 03:27:00 CDT 2025: Checking if NextJS server is running...
/Users/sim/Project2/scripts/../scripts/run-simple-scheduled-reports.sh: line 16: node: command not found
Sat Jun  7 03:27:00 CDT 2025: NextJS server is not running. Skipping scheduled reports check.
Sat Jun  7 03:28:00 CDT 2025: Checking if NextJS server is running...
Sat Jun  7 03:28:00 CDT 2025: Running scheduled reports
/Users/sim/Project2/scripts/../scripts/run-simple-scheduled-reports.sh: line 16: node: command not found
Sat Jun  7 03:28:01 CDT 2025: NextJS server is not running. Skipping scheduled reports check.
Sat Jun  7 03:29:00 CDT 2025: Running scheduled reports
Sat Jun  7 03:29:00 CDT 2025: Checking if NextJS server is running...
/Users/sim/Project2/scripts/../scripts/run-simple-scheduled-reports.sh: line 16: node: command not found
Sat Jun  7 03:29:00 CDT 2025: NextJS server is not running. Skipping scheduled reports check.
Sat Jun  7 03:30:00 CDT 2025: Checking if NextJS server is running...
Sat Jun  7 03:30:00 CDT 2025: Running scheduled reports
/Users/sim/Project2/scripts/../scripts/run-simple-scheduled-reports.sh: line 16: node: command not found
Sat Jun  7 03:30:00 CDT 2025: NextJS server is not running. Skipping scheduled reports check.
Sat Jun  7 03:31:00 CDT 2025: Running scheduled reports
Sat Jun  7 03:31:00 CDT 2025: Checking if NextJS server is running...
/Users/sim/Project2/scripts/../scripts/run-simple-scheduled-reports.sh: line 16: node: command not found
Sat Jun  7 03:31:00 CDT 2025: NextJS server is not running. Skipping scheduled reports check.
Sat Jun  7 03:32:00 CDT 2025: Checking if NextJS server is running...
Sat Jun  7 03:32:00 CDT 2025: Running scheduled reports
/Users/sim/Project2/scripts/../scripts/run-simple-scheduled-reports.sh: line 16: node: command not found
Sat Jun  7 03:32:00 CDT 2025: NextJS server is not running. Skipping scheduled reports check.
Sat Jun  7 03:33:00 CDT 2025: Running scheduled reports
Sat Jun  7 03:33:00 CDT 2025: Checking if NextJS server is running...
/Users/sim/Project2/scripts/../scripts/run-simple-scheduled-reports.sh: line 16: node: command not found
Sat Jun  7 03:33:00 CDT 2025: NextJS server is not running. Skipping scheduled reports check.
Sat Jun  7 03:34:01 CDT 2025: Running scheduled reports
Sat Jun  7 03:34:01 CDT 2025: Checking if NextJS server is running...
/Users/sim/Project2/scripts/../scripts/run-simple-scheduled-reports.sh: line 16: node: command not found
Sat Jun  7 03:34:01 CDT 2025: NextJS server is not running. Skipping scheduled reports check.
Sat Jun  7 03:35:00 CDT 2025: Checking if NextJS server is running...
Sat Jun  7 03:35:00 CDT 2025: Running scheduled reports
/Users/sim/Project2/scripts/../scripts/run-simple-scheduled-reports.sh: line 16: node: command not found
Sat Jun  7 03:35:00 CDT 2025: NextJS server is not running. Skipping scheduled reports check.
Sat Jun  7 03:36:00 CDT 2025: Running scheduled reports
Sat Jun  7 03:36:00 CDT 2025: Checking if NextJS server is running...
/Users/sim/Project2/scripts/../scripts/run-simple-scheduled-reports.sh: line 16: node: command not found
Sat Jun  7 03:36:00 CDT 2025: NextJS server is not running. Skipping scheduled reports check.
Sat Jun  7 03:37:00 CDT 2025: Checking if NextJS server is running...
Sat Jun  7 03:37:00 CDT 2025: Running scheduled reports
/Users/sim/Project2/scripts/../scripts/run-simple-scheduled-reports.sh: line 16: node: command not found
Sat Jun  7 03:37:00 CDT 2025: NextJS server is not running. Skipping scheduled reports check.
Sat Jun  7 03:38:00 CDT 2025: Running scheduled reports
Sat Jun  7 03:38:00 CDT 2025: Checking if NextJS server is running...
/Users/sim/Project2/scripts/../scripts/run-simple-scheduled-reports.sh: line 16: node: command not found
Sat Jun  7 03:38:00 CDT 2025: NextJS server is not running. Skipping scheduled reports check.
Sat Jun  7 03:39:00 CDT 2025: Running scheduled reports
Sat Jun  7 03:39:00 CDT 2025: Checking if NextJS server is running...
/Users/sim/Project2/scripts/../scripts/run-simple-scheduled-reports.sh: line 16: node: command not found
Sat Jun  7 03:39:00 CDT 2025: NextJS server is not running. Skipping scheduled reports check.
Sat Jun  7 03:40:01 CDT 2025: Checking if NextJS server is running...
Sat Jun  7 03:40:01 CDT 2025: Running scheduled reports
/Users/sim/Project2/scripts/../scripts/run-simple-scheduled-reports.sh: line 16: node: command not found
Sat Jun  7 03:40:01 CDT 2025: NextJS server is not running. Skipping scheduled reports check.
Sat Jun  7 03:41:00 CDT 2025: Running scheduled reports
Sat Jun  7 03:41:00 CDT 2025: Checking if NextJS server is running...
/Users/sim/Project2/scripts/../scripts/run-simple-scheduled-reports.sh: line 16: node: command not found
Sat Jun  7 03:41:00 CDT 2025: NextJS server is not running. Skipping scheduled reports check.
Sat Jun  7 03:42:01 CDT 2025: Running scheduled reports
Sat Jun  7 03:42:01 CDT 2025: Checking if NextJS server is running...
/Users/sim/Project2/scripts/../scripts/run-simple-scheduled-reports.sh: line 16: node: command not found
Sat Jun  7 03:42:01 CDT 2025: NextJS server is not running. Skipping scheduled reports check.
Sat Jun  7 03:43:00 CDT 2025: Running scheduled reports
Sat Jun  7 03:43:00 CDT 2025: Checking if NextJS server is running...
/Users/sim/Project2/scripts/../scripts/run-simple-scheduled-reports.sh: line 16: node: command not found
Sat Jun  7 03:43:00 CDT 2025: NextJS server is not running. Skipping scheduled reports check.
Sat Jun  7 03:44:00 CDT 2025: Checking if NextJS server is running...
Sat Jun  7 03:44:00 CDT 2025: Running scheduled reports
/Users/sim/Project2/scripts/../scripts/run-simple-scheduled-reports.sh: line 16: node: command not found
Sat Jun  7 03:44:00 CDT 2025: NextJS server is not running. Skipping scheduled reports check.
Sat Jun  7 03:45:00 CDT 2025: Running scheduled reports
Sat Jun  7 03:45:00 CDT 2025: Checking if NextJS server is running...
/Users/sim/Project2/scripts/../scripts/run-simple-scheduled-reports.sh: line 16: node: command not found
Sat Jun  7 03:45:00 CDT 2025: NextJS server is not running. Skipping scheduled reports check.
Sat Jun  7 03:46:00 CDT 2025: Running scheduled reports
Sat Jun  7 03:46:00 CDT 2025: Checking if NextJS server is running...
/Users/sim/Project2/scripts/../scripts/run-simple-scheduled-reports.sh: line 16: node: command not found
Sat Jun  7 03:46:00 CDT 2025: NextJS server is not running. Skipping scheduled reports check.
Sat Jun  7 03:47:00 CDT 2025: Checking if NextJS server is running...
Sat Jun  7 03:47:00 CDT 2025: Running scheduled reports
/Users/sim/Project2/scripts/../scripts/run-simple-scheduled-reports.sh: line 16: node: command not found
Sat Jun  7 03:47:00 CDT 2025: NextJS server is not running. Skipping scheduled reports check.
Sat Jun  7 03:48:01 CDT 2025: Checking if NextJS server is running...
Sat Jun  7 03:48:01 CDT 2025: Running scheduled reports
/Users/sim/Project2/scripts/../scripts/run-simple-scheduled-reports.sh: line 16: node: command not found
Sat Jun  7 03:48:01 CDT 2025: NextJS server is not running. Skipping scheduled reports check.
Sat Jun  7 03:49:00 CDT 2025: Checking if NextJS server is running...
Sat Jun  7 03:49:00 CDT 2025: Running scheduled reports
/Users/sim/Project2/scripts/../scripts/run-simple-scheduled-reports.sh: line 16: node: command not found
Sat Jun  7 03:49:00 CDT 2025: NextJS server is not running. Skipping scheduled reports check.
Sat Jun  7 03:50:00 CDT 2025: Checking if NextJS server is running...
Sat Jun  7 03:50:00 CDT 2025: Running scheduled reports
/Users/sim/Project2/scripts/../scripts/run-simple-scheduled-reports.sh: line 16: node: command not found
Sat Jun  7 03:50:01 CDT 2025: NextJS server is not running. Skipping scheduled reports check.
Sat Jun  7 03:51:00 CDT 2025: Running scheduled reports
Sat Jun  7 03:51:00 CDT 2025: Checking if NextJS server is running...
/Users/sim/Project2/scripts/../scripts/run-simple-scheduled-reports.sh: line 16: node: command not found
Sat Jun  7 03:51:00 CDT 2025: NextJS server is not running. Skipping scheduled reports check.
Sat Jun  7 03:52:00 CDT 2025: Checking if NextJS server is running...
Sat Jun  7 03:52:00 CDT 2025: Running scheduled reports
/Users/sim/Project2/scripts/../scripts/run-simple-scheduled-reports.sh: line 16: node: command not found
Sat Jun  7 03:52:00 CDT 2025: NextJS server is not running. Skipping scheduled reports check.
Sat Jun  7 03:53:00 CDT 2025: Running scheduled reports
Sat Jun  7 03:53:00 CDT 2025: Checking if NextJS server is running...
/Users/sim/Project2/scripts/../scripts/run-simple-scheduled-reports.sh: line 16: node: command not found
Sat Jun  7 03:53:00 CDT 2025: NextJS server is not running. Skipping scheduled reports check.
Sat Jun  7 03:54:00 CDT 2025: Running scheduled reports
Sat Jun  7 03:54:00 CDT 2025: Checking if NextJS server is running...
/Users/sim/Project2/scripts/../scripts/run-simple-scheduled-reports.sh: line 16: node: command not found
Sat Jun  7 03:54:00 CDT 2025: NextJS server is not running. Skipping scheduled reports check.
Sat Jun  7 03:55:00 CDT 2025: Running scheduled reports
Sat Jun  7 03:55:00 CDT 2025: Checking if NextJS server is running...
/Users/sim/Project2/scripts/../scripts/run-simple-scheduled-reports.sh: line 16: node: command not found
Sat Jun  7 03:55:00 CDT 2025: NextJS server is not running. Skipping scheduled reports check.
Sat Jun  7 03:56:01 CDT 2025: Running scheduled reports
Sat Jun  7 03:56:01 CDT 2025: Checking if NextJS server is running...
/Users/sim/Project2/scripts/../scripts/run-simple-scheduled-reports.sh: line 16: node: command not found
Sat Jun  7 03:56:01 CDT 2025: NextJS server is not running. Skipping scheduled reports check.
Sat Jun  7 03:57:00 CDT 2025: Checking if NextJS server is running...
Sat Jun  7 03:57:00 CDT 2025: Running scheduled reports
/Users/sim/Project2/scripts/../scripts/run-simple-scheduled-reports.sh: line 16: node: command not found
Sat Jun  7 03:57:00 CDT 2025: NextJS server is not running. Skipping scheduled reports check.
Sat Jun  7 03:58:00 CDT 2025: Checking if NextJS server is running...
Sat Jun  7 03:58:00 CDT 2025: Running scheduled reports
/Users/sim/Project2/scripts/../scripts/run-simple-scheduled-reports.sh: line 16: node: command not found
Sat Jun  7 03:58:00 CDT 2025: NextJS server is not running. Skipping scheduled reports check.
Sat Jun  7 03:59:00 CDT 2025: Checking if NextJS server is running...
Sat Jun  7 03:59:00 CDT 2025: Running scheduled reports
/Users/sim/Project2/scripts/../scripts/run-simple-scheduled-reports.sh: line 16: node: command not found
Sat Jun  7 03:59:00 CDT 2025: NextJS server is not running. Skipping scheduled reports check.
Sat Jun  7 04:00:00 CDT 2025: Checking if NextJS server is running...
Sat Jun  7 04:00:00 CDT 2025: Running scheduled reports
/Users/sim/Project2/scripts/../scripts/run-simple-scheduled-reports.sh: line 16: node: command not found
Sat Jun  7 04:00:01 CDT 2025: NextJS server is not running. Skipping scheduled reports check.
Sat Jun  7 04:01:00 CDT 2025: Running scheduled reports
Sat Jun  7 04:01:00 CDT 2025: Checking if NextJS server is running...
/Users/sim/Project2/scripts/../scripts/run-simple-scheduled-reports.sh: line 16: node: command not found
Sat Jun  7 04:01:00 CDT 2025: NextJS server is not running. Skipping scheduled reports check.
Sat Jun  7 04:02:00 CDT 2025: Running scheduled reports
Sat Jun  7 04:02:00 CDT 2025: Checking if NextJS server is running...
/Users/sim/Project2/scripts/../scripts/run-simple-scheduled-reports.sh: line 16: node: command not found
Sat Jun  7 04:02:00 CDT 2025: NextJS server is not running. Skipping scheduled reports check.
Sat Jun  7 04:03:00 CDT 2025: Running scheduled reports
Sat Jun  7 04:03:00 CDT 2025: Checking if NextJS server is running...
/Users/sim/Project2/scripts/../scripts/run-simple-scheduled-reports.sh: line 16: node: command not found
Sat Jun  7 04:03:00 CDT 2025: NextJS server is not running. Skipping scheduled reports check.
Sat Jun  7 04:04:00 CDT 2025: Checking if NextJS server is running...
Sat Jun  7 04:04:00 CDT 2025: Running scheduled reports
/Users/sim/Project2/scripts/../scripts/run-simple-scheduled-reports.sh: line 16: node: command not found
Sat Jun  7 04:04:00 CDT 2025: NextJS server is not running. Skipping scheduled reports check.
Sat Jun  7 04:05:00 CDT 2025: Running scheduled reports
Sat Jun  7 04:05:00 CDT 2025: Checking if NextJS server is running...
/Users/sim/Project2/scripts/../scripts/run-simple-scheduled-reports.sh: line 16: node: command not found
Sat Jun  7 04:05:00 CDT 2025: NextJS server is not running. Skipping scheduled reports check.
Sat Jun  7 04:06:00 CDT 2025: Checking if NextJS server is running...
Sat Jun  7 04:06:00 CDT 2025: Running scheduled reports
/Users/sim/Project2/scripts/../scripts/run-simple-scheduled-reports.sh: line 16: node: command not found
Sat Jun  7 04:06:00 CDT 2025: NextJS server is not running. Skipping scheduled reports check.
Sat Jun  7 04:07:01 CDT 2025: Running scheduled reports
Sat Jun  7 04:07:01 CDT 2025: Checking if NextJS server is running...
/Users/sim/Project2/scripts/../scripts/run-simple-scheduled-reports.sh: line 16: node: command not found
Sat Jun  7 04:07:01 CDT 2025: NextJS server is not running. Skipping scheduled reports check.
Sat Jun  7 04:08:00 CDT 2025: Running scheduled reports
Sat Jun  7 04:08:00 CDT 2025: Checking if NextJS server is running...
/Users/sim/Project2/scripts/../scripts/run-simple-scheduled-reports.sh: line 16: node: command not found
Sat Jun  7 04:08:00 CDT 2025: NextJS server is not running. Skipping scheduled reports check.
Sat Jun  7 04:09:00 CDT 2025: Running scheduled reports
Sat Jun  7 04:09:00 CDT 2025: Checking if NextJS server is running...
/Users/sim/Project2/scripts/../scripts/run-simple-scheduled-reports.sh: line 16: node: command not found
Sat Jun  7 04:09:00 CDT 2025: NextJS server is not running. Skipping scheduled reports check.
Sat Jun  7 04:10:00 CDT 2025: Checking if NextJS server is running...
Sat Jun  7 04:10:00 CDT 2025: Running scheduled reports
/Users/sim/Project2/scripts/../scripts/run-simple-scheduled-reports.sh: line 16: node: command not found
Sat Jun  7 04:10:00 CDT 2025: NextJS server is not running. Skipping scheduled reports check.
Sat Jun  7 04:11:00 CDT 2025: Running scheduled reports
Sat Jun  7 04:11:00 CDT 2025: Checking if NextJS server is running...
/Users/sim/Project2/scripts/../scripts/run-simple-scheduled-reports.sh: line 16: node: command not found
Sat Jun  7 04:11:00 CDT 2025: NextJS server is not running. Skipping scheduled reports check.
Sat Jun  7 04:12:01 CDT 2025: Checking if NextJS server is running...
Sat Jun  7 04:12:01 CDT 2025: Running scheduled reports
/Users/sim/Project2/scripts/../scripts/run-simple-scheduled-reports.sh: line 16: node: command not found
Sat Jun  7 04:12:01 CDT 2025: NextJS server is not running. Skipping scheduled reports check.
Sat Jun  7 04:13:00 CDT 2025: Checking if NextJS server is running...
Sat Jun  7 04:13:00 CDT 2025: Running scheduled reports
/Users/sim/Project2/scripts/../scripts/run-simple-scheduled-reports.sh: line 16: node: command not found
Sat Jun  7 04:13:00 CDT 2025: NextJS server is not running. Skipping scheduled reports check.
Sat Jun  7 04:14:00 CDT 2025: Checking if NextJS server is running...
Sat Jun  7 04:14:00 CDT 2025: Running scheduled reports
/Users/sim/Project2/scripts/../scripts/run-simple-scheduled-reports.sh: line 16: node: command not found
Sat Jun  7 04:14:00 CDT 2025: NextJS server is not running. Skipping scheduled reports check.
Sat Jun  7 04:15:00 CDT 2025: Running scheduled reports
Sat Jun  7 04:15:00 CDT 2025: Checking if NextJS server is running...
/Users/sim/Project2/scripts/../scripts/run-simple-scheduled-reports.sh: line 16: node: command not found
Sat Jun  7 04:15:00 CDT 2025: NextJS server is not running. Skipping scheduled reports check.
Sat Jun  7 04:16:00 CDT 2025: Running scheduled reports
Sat Jun  7 04:16:00 CDT 2025: Checking if NextJS server is running...
/Users/sim/Project2/scripts/../scripts/run-simple-scheduled-reports.sh: line 16: node: command not found
Sat Jun  7 04:16:00 CDT 2025: NextJS server is not running. Skipping scheduled reports check.
Sat Jun  7 04:17:00 CDT 2025: Running scheduled reports
Sat Jun  7 04:17:00 CDT 2025: Checking if NextJS server is running...
/Users/sim/Project2/scripts/../scripts/run-simple-scheduled-reports.sh: line 16: node: command not found
Sat Jun  7 04:17:00 CDT 2025: NextJS server is not running. Skipping scheduled reports check.
Sat Jun  7 04:18:01 CDT 2025: Running scheduled reports
Sat Jun  7 04:18:01 CDT 2025: Checking if NextJS server is running...
/Users/sim/Project2/scripts/../scripts/run-simple-scheduled-reports.sh: line 16: node: command not found
Sat Jun  7 04:18:01 CDT 2025: NextJS server is not running. Skipping scheduled reports check.
Sat Jun  7 04:19:00 CDT 2025: Checking if NextJS server is running...
Sat Jun  7 04:19:00 CDT 2025: Running scheduled reports
/Users/sim/Project2/scripts/../scripts/run-simple-scheduled-reports.sh: line 16: node: command not found
Sat Jun  7 04:19:00 CDT 2025: NextJS server is not running. Skipping scheduled reports check.
Sat Jun  7 04:20:00 CDT 2025: Checking if NextJS server is running...
Sat Jun  7 04:20:00 CDT 2025: Running scheduled reports
/Users/sim/Project2/scripts/../scripts/run-simple-scheduled-reports.sh: line 16: node: command not found
Sat Jun  7 04:20:00 CDT 2025: NextJS server is not running. Skipping scheduled reports check.
Sat Jun  7 04:21:00 CDT 2025: Running scheduled reports
Sat Jun  7 04:21:00 CDT 2025: Checking if NextJS server is running...
/Users/sim/Project2/scripts/../scripts/run-simple-scheduled-reports.sh: line 16: node: command not found
Sat Jun  7 04:21:00 CDT 2025: NextJS server is not running. Skipping scheduled reports check.
Sat Jun  7 04:22:00 CDT 2025: Checking if NextJS server is running...
Sat Jun  7 04:22:00 CDT 2025: Running scheduled reports
/Users/sim/Project2/scripts/../scripts/run-simple-scheduled-reports.sh: line 16: node: command not found
Sat Jun  7 04:22:00 CDT 2025: NextJS server is not running. Skipping scheduled reports check.
Sat Jun  7 04:23:00 CDT 2025: Running scheduled reports
Sat Jun  7 04:23:00 CDT 2025: Checking if NextJS server is running...
/Users/sim/Project2/scripts/../scripts/run-simple-scheduled-reports.sh: line 16: node: command not found
Sat Jun  7 04:23:01 CDT 2025: NextJS server is not running. Skipping scheduled reports check.
Sat Jun  7 04:24:00 CDT 2025: Running scheduled reports
Sat Jun  7 04:24:00 CDT 2025: Checking if NextJS server is running...
/Users/sim/Project2/scripts/../scripts/run-simple-scheduled-reports.sh: line 16: node: command not found
Sat Jun  7 04:24:00 CDT 2025: NextJS server is not running. Skipping scheduled reports check.
Sat Jun  7 04:25:00 CDT 2025: Running scheduled reports
Sat Jun  7 04:25:00 CDT 2025: Checking if NextJS server is running...
/Users/sim/Project2/scripts/../scripts/run-simple-scheduled-reports.sh: line 16: node: command not found
Sat Jun  7 04:25:00 CDT 2025: NextJS server is not running. Skipping scheduled reports check.
Sat Jun  7 04:26:00 CDT 2025: Running scheduled reports
Sat Jun  7 04:26:00 CDT 2025: Checking if NextJS server is running...
/Users/sim/Project2/scripts/../scripts/run-simple-scheduled-reports.sh: line 16: node: command not found
Sat Jun  7 04:26:00 CDT 2025: NextJS server is not running. Skipping scheduled reports check.
Sat Jun  7 04:27:00 CDT 2025: Running scheduled reports
Sat Jun  7 04:27:00 CDT 2025: Checking if NextJS server is running...
/Users/sim/Project2/scripts/../scripts/run-simple-scheduled-reports.sh: line 16: node: command not found
Sat Jun  7 04:27:00 CDT 2025: NextJS server is not running. Skipping scheduled reports check.
Sat Jun  7 04:28:00 CDT 2025: Checking if NextJS server is running...
Sat Jun  7 04:28:00 CDT 2025: Running scheduled reports
/Users/sim/Project2/scripts/../scripts/run-simple-scheduled-reports.sh: line 16: node: command not found
Sat Jun  7 04:28:00 CDT 2025: NextJS server is not running. Skipping scheduled reports check.
Sat Jun  7 04:29:01 CDT 2025: Running scheduled reports
Sat Jun  7 04:29:01 CDT 2025: Checking if NextJS server is running...
/Users/sim/Project2/scripts/../scripts/run-simple-scheduled-reports.sh: line 16: node: command not found
Sat Jun  7 04:29:01 CDT 2025: NextJS server is not running. Skipping scheduled reports check.
Sat Jun  7 04:30:00 CDT 2025: Checking if NextJS server is running...
Sat Jun  7 04:30:00 CDT 2025: Running scheduled reports
/Users/sim/Project2/scripts/../scripts/run-simple-scheduled-reports.sh: line 16: node: command not found
Sat Jun  7 04:30:00 CDT 2025: NextJS server is not running. Skipping scheduled reports check.
Sat Jun  7 04:31:00 CDT 2025: Running scheduled reports
Sat Jun  7 04:31:00 CDT 2025: Checking if NextJS server is running...
/Users/sim/Project2/scripts/../scripts/run-simple-scheduled-reports.sh: line 16: node: command not found
Sat Jun  7 04:31:00 CDT 2025: NextJS server is not running. Skipping scheduled reports check.
