Sun Jun  1 07:03:00 CDT 2025: Checking if NextJS server is running...
Sun Jun  1 07:03:00 CDT 2025: NextJS server is not running. Skipping scheduled reports check.
Sun Jun  1 07:04:00 CDT 2025: Checking if NextJS server is running...
Sun Jun  1 07:04:01 CDT 2025: NextJS server is not running. Skipping scheduled reports check.
Sun Jun  1 07:05:00 CDT 2025: Checking if NextJS server is running...
Sun Jun  1 07:05:00 CDT 2025: NextJS server is not running. Skipping scheduled reports check.
Sun Jun  1 07:06:00 CDT 2025: Checking if NextJS server is running...
Sun Jun  1 07:06:00 CDT 2025: NextJS server is not running. Skipping scheduled reports check.
Sun Jun  1 07:07:00 CDT 2025: Checking if NextJS server is running...
Sun Jun  1 07:07:00 CDT 2025: NextJS server is not running. Skipping scheduled reports check.
Sun Jun  1 07:08:00 CDT 2025: Checking if NextJS server is running...
Sun Jun  1 07:08:00 CDT 2025: NextJS server is not running. Skipping scheduled reports check.
Sun Jun  1 07:09:00 CDT 2025: Checking if NextJS server is running...
Sun Jun  1 07:09:00 CDT 2025: NextJS server is not running. Skipping scheduled reports check.
Sun Jun  1 07:10:00 CDT 2025: Checking if NextJS server is running...
Sun Jun  1 07:10:00 CDT 2025: NextJS server is not running. Skipping scheduled reports check.
Sun Jun  1 07:11:01 CDT 2025: Checking if NextJS server is running...
Sun Jun  1 07:11:01 CDT 2025: NextJS server is not running. Skipping scheduled reports check.
Sun Jun  1 07:12:00 CDT 2025: Running scheduled reports
Sun Jun  1 07:12:00 CDT 2025: Checking if NextJS server is running...
/Users/sim/Project2/scripts/../scripts/run-simple-scheduled-reports.sh: line 16: node: command not found
Sun Jun  1 07:12:00 CDT 2025: NextJS server is not running. Skipping scheduled reports check.
Sun Jun  1 07:13:00 CDT 2025: Checking if NextJS server is running...
Sun Jun  1 07:13:00 CDT 2025: Running scheduled reports
/Users/sim/Project2/scripts/../scripts/run-simple-scheduled-reports.sh: line 16: node: command not found
Sun Jun  1 07:13:00 CDT 2025: NextJS server is not running. Skipping scheduled reports check.
Sun Jun  1 07:14:00 CDT 2025: Running scheduled reports
Sun Jun  1 07:14:00 CDT 2025: Checking if NextJS server is running...
/Users/sim/Project2/scripts/../scripts/run-simple-scheduled-reports.sh: line 16: node: command not found
Sun Jun  1 07:14:00 CDT 2025: NextJS server is not running. Skipping scheduled reports check.
Sun Jun  1 07:15:00 CDT 2025: Checking if NextJS server is running...
Sun Jun  1 07:15:00 CDT 2025: Running scheduled reports
/Users/sim/Project2/scripts/../scripts/run-simple-scheduled-reports.sh: line 16: node: command not found
Sun Jun  1 07:15:00 CDT 2025: NextJS server is not running. Skipping scheduled reports check.
Sun Jun  1 07:16:00 CDT 2025: Running scheduled reports
Sun Jun  1 07:16:00 CDT 2025: Checking if NextJS server is running...
/Users/sim/Project2/scripts/../scripts/run-simple-scheduled-reports.sh: line 16: node: command not found
Sun Jun  1 07:16:00 CDT 2025: NextJS server is not running. Skipping scheduled reports check.
Sun Jun  1 07:17:00 CDT 2025: Checking if NextJS server is running...
Sun Jun  1 07:17:00 CDT 2025: Running scheduled reports
/Users/sim/Project2/scripts/../scripts/run-simple-scheduled-reports.sh: line 16: node: command not found
Sun Jun  1 07:17:01 CDT 2025: NextJS server is not running. Skipping scheduled reports check.
Sun Jun  1 07:18:00 CDT 2025: Checking if NextJS server is running...
Sun Jun  1 07:18:00 CDT 2025: Running scheduled reports
/Users/sim/Project2/scripts/../scripts/run-simple-scheduled-reports.sh: line 16: node: command not found
Sun Jun  1 07:18:00 CDT 2025: NextJS server is not running. Skipping scheduled reports check.
Sun Jun  1 07:19:00 CDT 2025: Checking if NextJS server is running...
Sun Jun  1 07:19:00 CDT 2025: Running scheduled reports
/Users/sim/Project2/scripts/../scripts/run-simple-scheduled-reports.sh: line 16: node: command not found
Sun Jun  1 07:19:00 CDT 2025: NextJS server is not running. Skipping scheduled reports check.
Sun Jun  1 07:20:00 CDT 2025: Running scheduled reports
Sun Jun  1 07:20:00 CDT 2025: Checking if NextJS server is running...
/Users/sim/Project2/scripts/../scripts/run-simple-scheduled-reports.sh: line 16: node: command not found
Sun Jun  1 07:20:00 CDT 2025: NextJS server is not running. Skipping scheduled reports check.
Sun Jun  1 07:21:00 CDT 2025: Checking if NextJS server is running...
Sun Jun  1 07:21:00 CDT 2025: Running scheduled reports
/Users/sim/Project2/scripts/../scripts/run-simple-scheduled-reports.sh: line 16: node: command not found
Sun Jun  1 07:21:00 CDT 2025: NextJS server is not running. Skipping scheduled reports check.
Sun Jun  1 07:22:00 CDT 2025: Running scheduled reports
Sun Jun  1 07:22:00 CDT 2025: Checking if NextJS server is running...
/Users/sim/Project2/scripts/../scripts/run-simple-scheduled-reports.sh: line 16: node: command not found
Sun Jun  1 07:22:00 CDT 2025: NextJS server is not running. Skipping scheduled reports check.
Sun Jun  1 07:23:00 CDT 2025: Running scheduled reports
Sun Jun  1 07:23:00 CDT 2025: Checking if NextJS server is running...
/Users/sim/Project2/scripts/../scripts/run-simple-scheduled-reports.sh: line 16: node: command not found
Sun Jun  1 07:23:00 CDT 2025: NextJS server is not running. Skipping scheduled reports check.
Sun Jun  1 07:24:01 CDT 2025: Running scheduled reports
Sun Jun  1 07:24:01 CDT 2025: Checking if NextJS server is running...
/Users/sim/Project2/scripts/../scripts/run-simple-scheduled-reports.sh: line 16: node: command not found
Sun Jun  1 07:24:01 CDT 2025: NextJS server is not running. Skipping scheduled reports check.
Sun Jun  1 07:25:00 CDT 2025: Checking if NextJS server is running...
Sun Jun  1 07:25:00 CDT 2025: Running scheduled reports
/Users/sim/Project2/scripts/../scripts/run-simple-scheduled-reports.sh: line 16: node: command not found
Sun Jun  1 07:25:00 CDT 2025: NextJS server is not running. Skipping scheduled reports check.
Sun Jun  1 07:26:00 CDT 2025: Running scheduled reports
Sun Jun  1 07:26:00 CDT 2025: Checking if NextJS server is running...
/Users/sim/Project2/scripts/../scripts/run-simple-scheduled-reports.sh: line 16: node: command not found
Sun Jun  1 07:26:00 CDT 2025: NextJS server is not running. Skipping scheduled reports check.
Sun Jun  1 07:27:00 CDT 2025: Running scheduled reports
Sun Jun  1 07:27:00 CDT 2025: Checking if NextJS server is running...
/Users/sim/Project2/scripts/../scripts/run-simple-scheduled-reports.sh: line 16: node: command not found
Sun Jun  1 07:27:00 CDT 2025: NextJS server is not running. Skipping scheduled reports check.
Sun Jun  1 07:28:00 CDT 2025: Running scheduled reports
Sun Jun  1 07:28:00 CDT 2025: Checking if NextJS server is running...
/Users/sim/Project2/scripts/../scripts/run-simple-scheduled-reports.sh: line 16: node: command not found
Sun Jun  1 07:28:00 CDT 2025: NextJS server is not running. Skipping scheduled reports check.
Sun Jun  1 07:29:00 CDT 2025: Checking if NextJS server is running...
Sun Jun  1 07:29:00 CDT 2025: Running scheduled reports
/Users/sim/Project2/scripts/../scripts/run-simple-scheduled-reports.sh: line 16: node: command not found
Sun Jun  1 07:29:00 CDT 2025: NextJS server is not running. Skipping scheduled reports check.
Sun Jun  1 07:30:01 CDT 2025: Checking if NextJS server is running...
Sun Jun  1 07:30:01 CDT 2025: Running scheduled reports
/Users/sim/Project2/scripts/../scripts/run-simple-scheduled-reports.sh: line 16: node: command not found
Sun Jun  1 07:30:01 CDT 2025: NextJS server is not running. Skipping scheduled reports check.
Sun Jun  1 07:31:00 CDT 2025: Checking if NextJS server is running...
Sun Jun  1 07:31:00 CDT 2025: Running scheduled reports
/Users/sim/Project2/scripts/../scripts/run-simple-scheduled-reports.sh: line 16: node: command not found
Sun Jun  1 07:31:00 CDT 2025: NextJS server is not running. Skipping scheduled reports check.
Sun Jun  1 07:32:00 CDT 2025: Checking if NextJS server is running...
Sun Jun  1 07:32:00 CDT 2025: Running scheduled reports
/Users/sim/Project2/scripts/../scripts/run-simple-scheduled-reports.sh: line 16: node: command not found
Sun Jun  1 07:32:00 CDT 2025: NextJS server is not running. Skipping scheduled reports check.
Sun Jun  1 07:33:00 CDT 2025: Checking if NextJS server is running...
Sun Jun  1 07:33:00 CDT 2025: Running scheduled reports
/Users/sim/Project2/scripts/../scripts/run-simple-scheduled-reports.sh: line 16: node: command not found
Sun Jun  1 07:33:00 CDT 2025: NextJS server is not running. Skipping scheduled reports check.
Sun Jun  1 07:34:00 CDT 2025: Checking if NextJS server is running...
Sun Jun  1 07:34:00 CDT 2025: Running scheduled reports
/Users/sim/Project2/scripts/../scripts/run-simple-scheduled-reports.sh: line 16: node: command not found
Sun Jun  1 07:34:00 CDT 2025: NextJS server is not running. Skipping scheduled reports check.
Sun Jun  1 07:35:00 CDT 2025: Checking if NextJS server is running...
Sun Jun  1 07:35:00 CDT 2025: Running scheduled reports
/Users/sim/Project2/scripts/../scripts/run-simple-scheduled-reports.sh: line 16: node: command not found
Sun Jun  1 07:35:00 CDT 2025: NextJS server is not running. Skipping scheduled reports check.
Sun Jun  1 07:36:00 CDT 2025: Checking if NextJS server is running...
Sun Jun  1 07:36:00 CDT 2025: Running scheduled reports
/Users/sim/Project2/scripts/../scripts/run-simple-scheduled-reports.sh: line 16: node: command not found
Sun Jun  1 07:36:00 CDT 2025: NextJS server is not running. Skipping scheduled reports check.
Sun Jun  1 07:37:01 CDT 2025: Running scheduled reports
Sun Jun  1 07:37:01 CDT 2025: Checking if NextJS server is running...
/Users/sim/Project2/scripts/../scripts/run-simple-scheduled-reports.sh: line 16: node: command not found
Sun Jun  1 07:37:01 CDT 2025: NextJS server is not running. Skipping scheduled reports check.
Sun Jun  1 07:38:00 CDT 2025: Checking if NextJS server is running...
Sun Jun  1 07:38:00 CDT 2025: Running scheduled reports
/Users/sim/Project2/scripts/../scripts/run-simple-scheduled-reports.sh: line 16: node: command not found
Sun Jun  1 07:38:00 CDT 2025: NextJS server is not running. Skipping scheduled reports check.
Sun Jun  1 07:39:00 CDT 2025: Running scheduled reports
Sun Jun  1 07:39:00 CDT 2025: Checking if NextJS server is running...
/Users/sim/Project2/scripts/../scripts/run-simple-scheduled-reports.sh: line 16: node: command not found
Sun Jun  1 07:39:00 CDT 2025: NextJS server is not running. Skipping scheduled reports check.
Sun Jun  1 07:40:00 CDT 2025: Checking if NextJS server is running...
Sun Jun  1 07:40:00 CDT 2025: Running scheduled reports
/Users/sim/Project2/scripts/../scripts/run-simple-scheduled-reports.sh: line 16: node: command not found
Sun Jun  1 07:40:00 CDT 2025: NextJS server is not running. Skipping scheduled reports check.
Sun Jun  1 07:41:00 CDT 2025: Running scheduled reports
Sun Jun  1 07:41:00 CDT 2025: Checking if NextJS server is running...
/Users/sim/Project2/scripts/../scripts/run-simple-scheduled-reports.sh: line 16: node: command not found
Sun Jun  1 07:41:00 CDT 2025: NextJS server is not running. Skipping scheduled reports check.
Sun Jun  1 07:42:00 CDT 2025: Running scheduled reports
Sun Jun  1 07:42:00 CDT 2025: Checking if NextJS server is running...
/Users/sim/Project2/scripts/../scripts/run-simple-scheduled-reports.sh: line 16: node: command not found
Sun Jun  1 07:42:00 CDT 2025: NextJS server is not running. Skipping scheduled reports check.
Sun Jun  1 07:43:00 CDT 2025: Running scheduled reports
Sun Jun  1 07:43:00 CDT 2025: Checking if NextJS server is running...
/Users/sim/Project2/scripts/../scripts/run-simple-scheduled-reports.sh: line 16: node: command not found
Sun Jun  1 07:43:00 CDT 2025: NextJS server is not running. Skipping scheduled reports check.
Sun Jun  1 07:44:01 CDT 2025: Checking if NextJS server is running...
Sun Jun  1 07:44:01 CDT 2025: Running scheduled reports
/Users/sim/Project2/scripts/../scripts/run-simple-scheduled-reports.sh: line 16: node: command not found
Sun Jun  1 07:44:01 CDT 2025: NextJS server is not running. Skipping scheduled reports check.
Sun Jun  1 07:45:00 CDT 2025: Checking if NextJS server is running...
Sun Jun  1 07:45:00 CDT 2025: Running scheduled reports
/Users/sim/Project2/scripts/../scripts/run-simple-scheduled-reports.sh: line 16: node: command not found
Sun Jun  1 07:45:00 CDT 2025: NextJS server is not running. Skipping scheduled reports check.
Sun Jun  1 07:46:00 CDT 2025: Running scheduled reports
Sun Jun  1 07:46:00 CDT 2025: Checking if NextJS server is running...
/Users/sim/Project2/scripts/../scripts/run-simple-scheduled-reports.sh: line 16: node: command not found
Sun Jun  1 07:46:00 CDT 2025: NextJS server is not running. Skipping scheduled reports check.
Sun Jun  1 07:47:00 CDT 2025: Running scheduled reports
Sun Jun  1 07:47:00 CDT 2025: Checking if NextJS server is running...
/Users/sim/Project2/scripts/../scripts/run-simple-scheduled-reports.sh: line 16: node: command not found
Sun Jun  1 07:47:00 CDT 2025: NextJS server is not running. Skipping scheduled reports check.
Sun Jun  1 07:48:00 CDT 2025: Running scheduled reports
Sun Jun  1 07:48:00 CDT 2025: Checking if NextJS server is running...
/Users/sim/Project2/scripts/../scripts/run-simple-scheduled-reports.sh: line 16: node: command not found
Sun Jun  1 07:48:00 CDT 2025: NextJS server is not running. Skipping scheduled reports check.
Sun Jun  1 07:49:00 CDT 2025: Running scheduled reports
Sun Jun  1 07:49:00 CDT 2025: Checking if NextJS server is running...
/Users/sim/Project2/scripts/../scripts/run-simple-scheduled-reports.sh: line 16: node: command not found
Sun Jun  1 07:49:00 CDT 2025: NextJS server is not running. Skipping scheduled reports check.
Sun Jun  1 07:50:00 CDT 2025: Checking if NextJS server is running...
Sun Jun  1 07:50:00 CDT 2025: Running scheduled reports
/Users/sim/Project2/scripts/../scripts/run-simple-scheduled-reports.sh: line 16: node: command not found
Sun Jun  1 07:50:00 CDT 2025: NextJS server is not running. Skipping scheduled reports check.
Sun Jun  1 07:51:01 CDT 2025: Running scheduled reports
Sun Jun  1 07:51:01 CDT 2025: Checking if NextJS server is running...
/Users/sim/Project2/scripts/../scripts/run-simple-scheduled-reports.sh: line 16: node: command not found
Sun Jun  1 07:51:01 CDT 2025: NextJS server is not running. Skipping scheduled reports check.
Sun Jun  1 07:52:00 CDT 2025: Running scheduled reports
Sun Jun  1 07:52:00 CDT 2025: Checking if NextJS server is running...
/Users/sim/Project2/scripts/../scripts/run-simple-scheduled-reports.sh: line 16: node: command not found
Sun Jun  1 07:52:00 CDT 2025: NextJS server is not running. Skipping scheduled reports check.
Sun Jun  1 07:53:00 CDT 2025: Running scheduled reports
Sun Jun  1 07:53:00 CDT 2025: Checking if NextJS server is running...
/Users/sim/Project2/scripts/../scripts/run-simple-scheduled-reports.sh: line 16: node: command not found
Sun Jun  1 07:53:00 CDT 2025: NextJS server is not running. Skipping scheduled reports check.
Sun Jun  1 07:54:00 CDT 2025: Running scheduled reports
Sun Jun  1 07:54:00 CDT 2025: Checking if NextJS server is running...
/Users/sim/Project2/scripts/../scripts/run-simple-scheduled-reports.sh: line 16: node: command not found
Sun Jun  1 07:54:00 CDT 2025: NextJS server is not running. Skipping scheduled reports check.
Sun Jun  1 07:55:00 CDT 2025: Running scheduled reports
Sun Jun  1 07:55:00 CDT 2025: Checking if NextJS server is running...
/Users/sim/Project2/scripts/../scripts/run-simple-scheduled-reports.sh: line 16: node: command not found
Sun Jun  1 07:55:00 CDT 2025: NextJS server is not running. Skipping scheduled reports check.
Sun Jun  1 07:56:00 CDT 2025: Running scheduled reports
Sun Jun  1 07:56:00 CDT 2025: Checking if NextJS server is running...
/Users/sim/Project2/scripts/../scripts/run-simple-scheduled-reports.sh: line 16: node: command not found
Sun Jun  1 07:56:00 CDT 2025: NextJS server is not running. Skipping scheduled reports check.
Sun Jun  1 07:57:01 CDT 2025: Checking if NextJS server is running...
Sun Jun  1 07:57:01 CDT 2025: Running scheduled reports
/Users/sim/Project2/scripts/../scripts/run-simple-scheduled-reports.sh: line 16: node: command not found
Sun Jun  1 07:57:01 CDT 2025: NextJS server is not running. Skipping scheduled reports check.
Sun Jun  1 07:58:00 CDT 2025: Checking if NextJS server is running...
Sun Jun  1 07:58:00 CDT 2025: Running scheduled reports
/Users/sim/Project2/scripts/../scripts/run-simple-scheduled-reports.sh: line 16: node: command not found
Sun Jun  1 07:58:00 CDT 2025: NextJS server is not running. Skipping scheduled reports check.
Sun Jun  1 07:59:00 CDT 2025: Checking if NextJS server is running...
Sun Jun  1 07:59:00 CDT 2025: Running scheduled reports
/Users/sim/Project2/scripts/../scripts/run-simple-scheduled-reports.sh: line 16: node: command not found
Sun Jun  1 07:59:00 CDT 2025: NextJS server is not running. Skipping scheduled reports check.
Sun Jun  1 08:00:00 CDT 2025: Running scheduled reports
Sun Jun  1 08:00:00 CDT 2025: Checking if NextJS server is running...
/Users/sim/Project2/scripts/../scripts/run-simple-scheduled-reports.sh: line 16: node: command not found
Sun Jun  1 08:00:00 CDT 2025: NextJS server is not running. Skipping scheduled reports check.
Sun Jun  1 08:01:00 CDT 2025: Running scheduled reports
Sun Jun  1 08:01:00 CDT 2025: Checking if NextJS server is running...
/Users/sim/Project2/scripts/../scripts/run-simple-scheduled-reports.sh: line 16: node: command not found
Sun Jun  1 08:01:00 CDT 2025: NextJS server is not running. Skipping scheduled reports check.
Sun Jun  1 08:02:00 CDT 2025: Running scheduled reports
Sun Jun  1 08:02:00 CDT 2025: Checking if NextJS server is running...
/Users/sim/Project2/scripts/../scripts/run-simple-scheduled-reports.sh: line 16: node: command not found
Sun Jun  1 08:02:00 CDT 2025: NextJS server is not running. Skipping scheduled reports check.
Sun Jun  1 08:03:00 CDT 2025: Running scheduled reports
Sun Jun  1 08:03:00 CDT 2025: Checking if NextJS server is running...
/Users/sim/Project2/scripts/../scripts/run-simple-scheduled-reports.sh: line 16: node: command not found
Sun Jun  1 08:03:00 CDT 2025: NextJS server is not running. Skipping scheduled reports check.
Sun Jun  1 08:04:01 CDT 2025: Checking if NextJS server is running...
Sun Jun  1 08:04:01 CDT 2025: Running scheduled reports
/Users/sim/Project2/scripts/../scripts/run-simple-scheduled-reports.sh: line 16: node: command not found
Sun Jun  1 08:04:01 CDT 2025: NextJS server is not running. Skipping scheduled reports check.
Sun Jun  1 08:05:00 CDT 2025: Running scheduled reports
Sun Jun  1 08:05:00 CDT 2025: Checking if NextJS server is running...
/Users/sim/Project2/scripts/../scripts/run-simple-scheduled-reports.sh: line 16: node: command not found
Sun Jun  1 08:05:00 CDT 2025: NextJS server is not running. Skipping scheduled reports check.
Sun Jun  1 08:06:00 CDT 2025: Checking if NextJS server is running...
Sun Jun  1 08:06:00 CDT 2025: Running scheduled reports
/Users/sim/Project2/scripts/../scripts/run-simple-scheduled-reports.sh: line 16: node: command not found
Sun Jun  1 08:06:00 CDT 2025: NextJS server is not running. Skipping scheduled reports check.
Sun Jun  1 08:07:00 CDT 2025: Running scheduled reports
Sun Jun  1 08:07:00 CDT 2025: Checking if NextJS server is running...
/Users/sim/Project2/scripts/../scripts/run-simple-scheduled-reports.sh: line 16: node: command not found
Sun Jun  1 08:07:00 CDT 2025: NextJS server is not running. Skipping scheduled reports check.
Sun Jun  1 08:08:00 CDT 2025: Running scheduled reports
Sun Jun  1 08:08:00 CDT 2025: Checking if NextJS server is running...
/Users/sim/Project2/scripts/../scripts/run-simple-scheduled-reports.sh: line 16: node: command not found
Sun Jun  1 08:08:00 CDT 2025: NextJS server is not running. Skipping scheduled reports check.
Sun Jun  1 08:09:01 CDT 2025: Running scheduled reports
Sun Jun  1 08:09:01 CDT 2025: Checking if NextJS server is running...
/Users/sim/Project2/scripts/../scripts/run-simple-scheduled-reports.sh: line 16: node: command not found
Sun Jun  1 08:09:01 CDT 2025: NextJS server is not running. Skipping scheduled reports check.
Sun Jun  1 08:10:00 CDT 2025: Checking if NextJS server is running...
Sun Jun  1 08:10:00 CDT 2025: Running scheduled reports
/Users/sim/Project2/scripts/../scripts/run-simple-scheduled-reports.sh: line 16: node: command not found
Sun Jun  1 08:10:00 CDT 2025: NextJS server is not running. Skipping scheduled reports check.
Sun Jun  1 08:11:00 CDT 2025: Running scheduled reports
Sun Jun  1 08:11:00 CDT 2025: Checking if NextJS server is running...
/Users/sim/Project2/scripts/../scripts/run-simple-scheduled-reports.sh: line 16: node: command not found
Sun Jun  1 08:11:00 CDT 2025: NextJS server is not running. Skipping scheduled reports check.
Sun Jun  1 08:12:00 CDT 2025: Running scheduled reports
Sun Jun  1 08:12:00 CDT 2025: Checking if NextJS server is running...
/Users/sim/Project2/scripts/../scripts/run-simple-scheduled-reports.sh: line 16: node: command not found
Sun Jun  1 08:12:00 CDT 2025: NextJS server is not running. Skipping scheduled reports check.
Sun Jun  1 08:13:00 CDT 2025: Running scheduled reports
Sun Jun  1 08:13:00 CDT 2025: Checking if NextJS server is running...
/Users/sim/Project2/scripts/../scripts/run-simple-scheduled-reports.sh: line 16: node: command not found
Sun Jun  1 08:13:00 CDT 2025: NextJS server is not running. Skipping scheduled reports check.
Sun Jun  1 08:14:00 CDT 2025: Running scheduled reports
Sun Jun  1 08:14:00 CDT 2025: Checking if NextJS server is running...
/Users/sim/Project2/scripts/../scripts/run-simple-scheduled-reports.sh: line 16: node: command not found
Sun Jun  1 08:14:00 CDT 2025: NextJS server is not running. Skipping scheduled reports check.
Sun Jun  1 08:15:00 CDT 2025: Running scheduled reports
Sun Jun  1 08:15:00 CDT 2025: Checking if NextJS server is running...
/Users/sim/Project2/scripts/../scripts/run-simple-scheduled-reports.sh: line 16: node: command not found
Sun Jun  1 08:15:01 CDT 2025: NextJS server is not running. Skipping scheduled reports check.
Sun Jun  1 08:16:00 CDT 2025: Checking if NextJS server is running...
Sun Jun  1 08:16:00 CDT 2025: Running scheduled reports
/Users/sim/Project2/scripts/../scripts/run-simple-scheduled-reports.sh: line 16: node: command not found
Sun Jun  1 08:16:00 CDT 2025: NextJS server is not running. Skipping scheduled reports check.
Sun Jun  1 08:17:00 CDT 2025: Running scheduled reports
Sun Jun  1 08:17:00 CDT 2025: Checking if NextJS server is running...
/Users/sim/Project2/scripts/../scripts/run-simple-scheduled-reports.sh: line 16: node: command not found
Sun Jun  1 08:17:00 CDT 2025: NextJS server is not running. Skipping scheduled reports check.
Sun Jun  1 08:18:00 CDT 2025: Checking if NextJS server is running...
Sun Jun  1 08:18:00 CDT 2025: Running scheduled reports
/Users/sim/Project2/scripts/../scripts/run-simple-scheduled-reports.sh: line 16: node: command not found
Sun Jun  1 08:18:00 CDT 2025: NextJS server is not running. Skipping scheduled reports check.
Sun Jun  1 08:19:00 CDT 2025: Checking if NextJS server is running...
Sun Jun  1 08:19:00 CDT 2025: Running scheduled reports
/Users/sim/Project2/scripts/../scripts/run-simple-scheduled-reports.sh: line 16: node: command not found
Sun Jun  1 08:19:00 CDT 2025: NextJS server is not running. Skipping scheduled reports check.
Sun Jun  1 08:20:00 CDT 2025: Running scheduled reports
Sun Jun  1 08:20:00 CDT 2025: Checking if NextJS server is running...
/Users/sim/Project2/scripts/../scripts/run-simple-scheduled-reports.sh: line 16: node: command not found
Sun Jun  1 08:20:00 CDT 2025: NextJS server is not running. Skipping scheduled reports check.
Sun Jun  1 08:21:00 CDT 2025: Checking if NextJS server is running...
Sun Jun  1 08:21:00 CDT 2025: Running scheduled reports
/Users/sim/Project2/scripts/../scripts/run-simple-scheduled-reports.sh: line 16: node: command not found
Sun Jun  1 08:21:00 CDT 2025: NextJS server is not running. Skipping scheduled reports check.
Sun Jun  1 08:22:00 CDT 2025: Running scheduled reports
Sun Jun  1 08:22:00 CDT 2025: Checking if NextJS server is running...
/Users/sim/Project2/scripts/../scripts/run-simple-scheduled-reports.sh: line 16: node: command not found
Sun Jun  1 08:22:00 CDT 2025: NextJS server is not running. Skipping scheduled reports check.
Sun Jun  1 08:23:01 CDT 2025: Running scheduled reports
Sun Jun  1 08:23:01 CDT 2025: Checking if NextJS server is running...
/Users/sim/Project2/scripts/../scripts/run-simple-scheduled-reports.sh: line 16: node: command not found
Sun Jun  1 08:23:01 CDT 2025: NextJS server is not running. Skipping scheduled reports check.
Sun Jun  1 08:24:00 CDT 2025: Running scheduled reports
Sun Jun  1 08:24:00 CDT 2025: Checking if NextJS server is running...
/Users/sim/Project2/scripts/../scripts/run-simple-scheduled-reports.sh: line 16: node: command not found
Sun Jun  1 08:24:00 CDT 2025: NextJS server is not running. Skipping scheduled reports check.
Sun Jun  1 08:25:00 CDT 2025: Running scheduled reports
Sun Jun  1 08:25:00 CDT 2025: Checking if NextJS server is running...
/Users/sim/Project2/scripts/../scripts/run-simple-scheduled-reports.sh: line 16: node: command not found
Sun Jun  1 08:25:00 CDT 2025: NextJS server is not running. Skipping scheduled reports check.
Sun Jun  1 08:26:00 CDT 2025: Checking if NextJS server is running...
Sun Jun  1 08:26:00 CDT 2025: Running scheduled reports
/Users/sim/Project2/scripts/../scripts/run-simple-scheduled-reports.sh: line 16: node: command not found
Sun Jun  1 08:26:00 CDT 2025: NextJS server is not running. Skipping scheduled reports check.
Sun Jun  1 08:27:00 CDT 2025: Checking if NextJS server is running...
Sun Jun  1 08:27:00 CDT 2025: Running scheduled reports
/Users/sim/Project2/scripts/../scripts/run-simple-scheduled-reports.sh: line 16: node: command not found
Sun Jun  1 08:27:00 CDT 2025: NextJS server is not running. Skipping scheduled reports check.
Sun Jun  1 08:28:00 CDT 2025: Checking if NextJS server is running...
Sun Jun  1 08:28:00 CDT 2025: Running scheduled reports
/Users/sim/Project2/scripts/../scripts/run-simple-scheduled-reports.sh: line 16: node: command not found
Sun Jun  1 08:28:01 CDT 2025: NextJS server is not running. Skipping scheduled reports check.
Sun Jun  1 08:29:00 CDT 2025: Checking if NextJS server is running...
Sun Jun  1 08:29:00 CDT 2025: Running scheduled reports
/Users/sim/Project2/scripts/../scripts/run-simple-scheduled-reports.sh: line 16: node: command not found
Sun Jun  1 08:29:00 CDT 2025: NextJS server is not running. Skipping scheduled reports check.
Sun Jun  1 08:30:00 CDT 2025: Running scheduled reports
Sun Jun  1 08:30:00 CDT 2025: Checking if NextJS server is running...
/Users/sim/Project2/scripts/../scripts/run-simple-scheduled-reports.sh: line 16: node: command not found
Sun Jun  1 08:30:00 CDT 2025: NextJS server is not running. Skipping scheduled reports check.
Sun Jun  1 08:31:00 CDT 2025: Checking if NextJS server is running...
Sun Jun  1 08:31:00 CDT 2025: Running scheduled reports
/Users/sim/Project2/scripts/../scripts/run-simple-scheduled-reports.sh: line 16: node: command not found
Sun Jun  1 08:31:00 CDT 2025: NextJS server is not running. Skipping scheduled reports check.
Sun Jun  1 08:32:00 CDT 2025: Running scheduled reports
Sun Jun  1 08:32:00 CDT 2025: Checking if NextJS server is running...
/Users/sim/Project2/scripts/../scripts/run-simple-scheduled-reports.sh: line 16: node: command not found
Sun Jun  1 08:32:00 CDT 2025: NextJS server is not running. Skipping scheduled reports check.
Sun Jun  1 08:33:01 CDT 2025: Running scheduled reports
Sun Jun  1 08:33:01 CDT 2025: Checking if NextJS server is running...
/Users/sim/Project2/scripts/../scripts/run-simple-scheduled-reports.sh: line 16: node: command not found
Sun Jun  1 08:33:01 CDT 2025: NextJS server is not running. Skipping scheduled reports check.
Sun Jun  1 08:34:00 CDT 2025: Checking if NextJS server is running...
Sun Jun  1 08:34:00 CDT 2025: Running scheduled reports
/Users/sim/Project2/scripts/../scripts/run-simple-scheduled-reports.sh: line 16: node: command not found
Sun Jun  1 08:34:00 CDT 2025: NextJS server is not running. Skipping scheduled reports check.
Sun Jun  1 08:35:00 CDT 2025: Checking if NextJS server is running...
Sun Jun  1 08:35:00 CDT 2025: Running scheduled reports
/Users/sim/Project2/scripts/../scripts/run-simple-scheduled-reports.sh: line 16: node: command not found
Sun Jun  1 08:35:03 CDT 2025: NextJS server is not running. Skipping scheduled reports check.
Sun Jun  1 08:36:00 CDT 2025: Checking if NextJS server is running...
Sun Jun  1 08:36:00 CDT 2025: Running scheduled reports
/Users/sim/Project2/scripts/../scripts/run-simple-scheduled-reports.sh: line 16: node: command not found
Sun Jun  1 08:36:00 CDT 2025: NextJS server is not running. Skipping scheduled reports check.
Sun Jun  1 08:37:00 CDT 2025: Checking if NextJS server is running...
Sun Jun  1 08:37:00 CDT 2025: Running scheduled reports
/Users/sim/Project2/scripts/../scripts/run-simple-scheduled-reports.sh: line 16: node: command not found
Sun Jun  1 08:37:00 CDT 2025: NextJS server is not running. Skipping scheduled reports check.
Sun Jun  1 08:38:01 CDT 2025: Checking if NextJS server is running...
Sun Jun  1 08:38:01 CDT 2025: Running scheduled reports
/Users/sim/Project2/scripts/../scripts/run-simple-scheduled-reports.sh: line 16: node: command not found
Sun Jun  1 08:38:01 CDT 2025: NextJS server is not running. Skipping scheduled reports check.
Sun Jun  1 08:39:00 CDT 2025: Running scheduled reports
Sun Jun  1 08:39:00 CDT 2025: Checking if NextJS server is running...
/Users/sim/Project2/scripts/../scripts/run-simple-scheduled-reports.sh: line 16: node: command not found
Sun Jun  1 08:39:00 CDT 2025: NextJS server is not running. Skipping scheduled reports check.
Sun Jun  1 08:40:00 CDT 2025: Running scheduled reports
Sun Jun  1 08:40:00 CDT 2025: Checking if NextJS server is running...
/Users/sim/Project2/scripts/../scripts/run-simple-scheduled-reports.sh: line 16: node: command not found
Sun Jun  1 08:40:00 CDT 2025: NextJS server is not running. Skipping scheduled reports check.
Sun Jun  1 08:41:00 CDT 2025: Running scheduled reports
Sun Jun  1 08:41:00 CDT 2025: Checking if NextJS server is running...
/Users/sim/Project2/scripts/../scripts/run-simple-scheduled-reports.sh: line 16: node: command not found
Sun Jun  1 08:41:00 CDT 2025: NextJS server is not running. Skipping scheduled reports check.
Sun Jun  1 08:42:00 CDT 2025: Running scheduled reports
Sun Jun  1 08:42:00 CDT 2025: Checking if NextJS server is running...
/Users/sim/Project2/scripts/../scripts/run-simple-scheduled-reports.sh: line 16: node: command not found
Sun Jun  1 08:42:00 CDT 2025: NextJS server is not running. Skipping scheduled reports check.
Sun Jun  1 08:43:00 CDT 2025: Checking if NextJS server is running...
Sun Jun  1 08:43:00 CDT 2025: Running scheduled reports
/Users/sim/Project2/scripts/../scripts/run-simple-scheduled-reports.sh: line 16: node: command not found
Sun Jun  1 08:43:00 CDT 2025: NextJS server is not running. Skipping scheduled reports check.
Sun Jun  1 08:44:01 CDT 2025: Checking if NextJS server is running...
Sun Jun  1 08:44:01 CDT 2025: Running scheduled reports
/Users/sim/Project2/scripts/../scripts/run-simple-scheduled-reports.sh: line 16: node: command not found
Sun Jun  1 08:44:01 CDT 2025: NextJS server is not running. Skipping scheduled reports check.
Sun Jun  1 08:45:00 CDT 2025: Running scheduled reports
Sun Jun  1 08:45:00 CDT 2025: Checking if NextJS server is running...
/Users/sim/Project2/scripts/../scripts/run-simple-scheduled-reports.sh: line 16: node: command not found
Sun Jun  1 08:45:00 CDT 2025: NextJS server is not running. Skipping scheduled reports check.
Sun Jun  1 08:46:00 CDT 2025: Running scheduled reports
Sun Jun  1 08:46:00 CDT 2025: Checking if NextJS server is running...
/Users/sim/Project2/scripts/../scripts/run-simple-scheduled-reports.sh: line 16: node: command not found
Sun Jun  1 08:46:00 CDT 2025: NextJS server is not running. Skipping scheduled reports check.
Sun Jun  1 08:47:00 CDT 2025: Checking if NextJS server is running...
Sun Jun  1 08:47:00 CDT 2025: Running scheduled reports
/Users/sim/Project2/scripts/../scripts/run-simple-scheduled-reports.sh: line 16: node: command not found
Sun Jun  1 08:47:00 CDT 2025: NextJS server is not running. Skipping scheduled reports check.
Sun Jun  1 08:48:01 CDT 2025: Checking if NextJS server is running...
Sun Jun  1 08:48:01 CDT 2025: Running scheduled reports
/Users/sim/Project2/scripts/../scripts/run-simple-scheduled-reports.sh: line 16: node: command not found
Sun Jun  1 08:48:01 CDT 2025: NextJS server is not running. Skipping scheduled reports check.
Sun Jun  1 08:49:00 CDT 2025: Running scheduled reports
Sun Jun  1 08:49:00 CDT 2025: Checking if NextJS server is running...
/Users/sim/Project2/scripts/../scripts/run-simple-scheduled-reports.sh: line 16: node: command not found
Sun Jun  1 08:49:00 CDT 2025: NextJS server is not running. Skipping scheduled reports check.
Sun Jun  1 08:50:00 CDT 2025: Running scheduled reports
Sun Jun  1 08:50:00 CDT 2025: Checking if NextJS server is running...
/Users/sim/Project2/scripts/../scripts/run-simple-scheduled-reports.sh: line 16: node: command not found
Sun Jun  1 08:50:00 CDT 2025: NextJS server is not running. Skipping scheduled reports check.
Sun Jun  1 08:51:00 CDT 2025: Running scheduled reports
Sun Jun  1 08:51:00 CDT 2025: Checking if NextJS server is running...
/Users/sim/Project2/scripts/../scripts/run-simple-scheduled-reports.sh: line 16: node: command not found
Sun Jun  1 08:51:00 CDT 2025: NextJS server is not running. Skipping scheduled reports check.
Sun Jun  1 08:52:00 CDT 2025: Checking if NextJS server is running...
Sun Jun  1 08:52:00 CDT 2025: Running scheduled reports
/Users/sim/Project2/scripts/../scripts/run-simple-scheduled-reports.sh: line 16: node: command not found
Sun Jun  1 08:52:00 CDT 2025: NextJS server is not running. Skipping scheduled reports check.
Sun Jun  1 08:53:00 CDT 2025: Running scheduled reports
Sun Jun  1 08:53:00 CDT 2025: Checking if NextJS server is running...
/Users/sim/Project2/scripts/../scripts/run-simple-scheduled-reports.sh: line 16: node: command not found
Sun Jun  1 08:53:00 CDT 2025: NextJS server is not running. Skipping scheduled reports check.
Sun Jun  1 08:54:01 CDT 2025: Running scheduled reports
Sun Jun  1 08:54:01 CDT 2025: Checking if NextJS server is running...
/Users/sim/Project2/scripts/../scripts/run-simple-scheduled-reports.sh: line 16: node: command not found
Sun Jun  1 08:54:01 CDT 2025: NextJS server is not running. Skipping scheduled reports check.
Sun Jun  1 08:55:00 CDT 2025: Running scheduled reports
Sun Jun  1 08:55:00 CDT 2025: Checking if NextJS server is running...
/Users/sim/Project2/scripts/../scripts/run-simple-scheduled-reports.sh: line 16: node: command not found
Sun Jun  1 08:55:00 CDT 2025: NextJS server is not running. Skipping scheduled reports check.
Sun Jun  1 08:56:00 CDT 2025: Running scheduled reports
Sun Jun  1 08:56:00 CDT 2025: Checking if NextJS server is running...
/Users/sim/Project2/scripts/../scripts/run-simple-scheduled-reports.sh: line 16: node: command not found
Sun Jun  1 08:56:00 CDT 2025: NextJS server is not running. Skipping scheduled reports check.
Sun Jun  1 08:57:00 CDT 2025: Checking if NextJS server is running...
Sun Jun  1 08:57:00 CDT 2025: Running scheduled reports
/Users/sim/Project2/scripts/../scripts/run-simple-scheduled-reports.sh: line 16: node: command not found
Sun Jun  1 08:57:00 CDT 2025: NextJS server is not running. Skipping scheduled reports check.
Sun Jun  1 08:58:00 CDT 2025: Running scheduled reports
Sun Jun  1 08:58:00 CDT 2025: Checking if NextJS server is running...
/Users/sim/Project2/scripts/../scripts/run-simple-scheduled-reports.sh: line 16: node: command not found
Sun Jun  1 08:58:00 CDT 2025: NextJS server is not running. Skipping scheduled reports check.
Sun Jun  1 08:59:00 CDT 2025: Running scheduled reports
Sun Jun  1 08:59:00 CDT 2025: Checking if NextJS server is running...
/Users/sim/Project2/scripts/../scripts/run-simple-scheduled-reports.sh: line 16: node: command not found
Sun Jun  1 08:59:00 CDT 2025: NextJS server is not running. Skipping scheduled reports check.
Sun Jun  1 09:00:01 CDT 2025: Checking if NextJS server is running...
Sun Jun  1 09:00:01 CDT 2025: Running scheduled reports
/Users/sim/Project2/scripts/../scripts/run-simple-scheduled-reports.sh: line 16: node: command not found
Sun Jun  1 09:00:01 CDT 2025: NextJS server is not running. Skipping scheduled reports check.
Sun Jun  1 09:01:00 CDT 2025: Running scheduled reports
Sun Jun  1 09:01:00 CDT 2025: Checking if NextJS server is running...
/Users/sim/Project2/scripts/../scripts/run-simple-scheduled-reports.sh: line 16: node: command not found
Sun Jun  1 09:01:00 CDT 2025: NextJS server is not running. Skipping scheduled reports check.
Sun Jun  1 09:02:00 CDT 2025: Running scheduled reports
Sun Jun  1 09:02:00 CDT 2025: Checking if NextJS server is running...
/Users/sim/Project2/scripts/../scripts/run-simple-scheduled-reports.sh: line 16: node: command not found
Sun Jun  1 09:02:00 CDT 2025: NextJS server is not running. Skipping scheduled reports check.
Sun Jun  1 09:03:00 CDT 2025: Checking if NextJS server is running...
Sun Jun  1 09:03:00 CDT 2025: Running scheduled reports
/Users/sim/Project2/scripts/../scripts/run-simple-scheduled-reports.sh: line 16: node: command not found
Sun Jun  1 09:03:00 CDT 2025: NextJS server is not running. Skipping scheduled reports check.
Sun Jun  1 09:04:00 CDT 2025: Running scheduled reports
Sun Jun  1 09:04:00 CDT 2025: Checking if NextJS server is running...
/Users/sim/Project2/scripts/../scripts/run-simple-scheduled-reports.sh: line 16: node: command not found
Sun Jun  1 09:04:00 CDT 2025: NextJS server is not running. Skipping scheduled reports check.
Sun Jun  1 09:05:01 CDT 2025: Checking if NextJS server is running...
Sun Jun  1 09:05:01 CDT 2025: Running scheduled reports
/Users/sim/Project2/scripts/../scripts/run-simple-scheduled-reports.sh: line 16: node: command not found
Sun Jun  1 09:05:01 CDT 2025: NextJS server is not running. Skipping scheduled reports check.
Sun Jun  1 09:06:00 CDT 2025: Checking if NextJS server is running...
Sun Jun  1 09:06:00 CDT 2025: Running scheduled reports
/Users/sim/Project2/scripts/../scripts/run-simple-scheduled-reports.sh: line 16: node: command not found
Sun Jun  1 09:06:00 CDT 2025: NextJS server is not running. Skipping scheduled reports check.
Sun Jun  1 09:07:00 CDT 2025: Running scheduled reports
Sun Jun  1 09:07:00 CDT 2025: Checking if NextJS server is running...
/Users/sim/Project2/scripts/../scripts/run-simple-scheduled-reports.sh: line 16: node: command not found
Sun Jun  1 09:07:00 CDT 2025: NextJS server is not running. Skipping scheduled reports check.
Sun Jun  1 09:08:00 CDT 2025: Running scheduled reports
Sun Jun  1 09:08:00 CDT 2025: Checking if NextJS server is running...
/Users/sim/Project2/scripts/../scripts/run-simple-scheduled-reports.sh: line 16: node: command not found
Sun Jun  1 09:08:00 CDT 2025: NextJS server is not running. Skipping scheduled reports check.
Sun Jun  1 09:09:01 CDT 2025: Checking if NextJS server is running...
Sun Jun  1 09:09:01 CDT 2025: Running scheduled reports
/Users/sim/Project2/scripts/../scripts/run-simple-scheduled-reports.sh: line 16: node: command not found
Sun Jun  1 09:09:02 CDT 2025: NextJS server is not running. Skipping scheduled reports check.
Sun Jun  1 09:10:00 CDT 2025: Running scheduled reports
Sun Jun  1 09:10:00 CDT 2025: Checking if NextJS server is running...
/Users/sim/Project2/scripts/../scripts/run-simple-scheduled-reports.sh: line 16: node: command not found
Sun Jun  1 09:10:00 CDT 2025: NextJS server is not running. Skipping scheduled reports check.
Sun Jun  1 09:11:00 CDT 2025: Checking if NextJS server is running...
Sun Jun  1 09:11:00 CDT 2025: Running scheduled reports
/Users/sim/Project2/scripts/../scripts/run-simple-scheduled-reports.sh: line 16: node: command not found
Sun Jun  1 09:11:01 CDT 2025: NextJS server is not running. Skipping scheduled reports check.
Sun Jun  1 09:12:00 CDT 2025: Checking if NextJS server is running...
Sun Jun  1 09:12:00 CDT 2025: Running scheduled reports
/Users/sim/Project2/scripts/../scripts/run-simple-scheduled-reports.sh: line 16: node: command not found
Sun Jun  1 09:12:00 CDT 2025: NextJS server is not running. Skipping scheduled reports check.
Sun Jun  1 09:13:00 CDT 2025: Checking if NextJS server is running...
Sun Jun  1 09:13:00 CDT 2025: Running scheduled reports
/Users/sim/Project2/scripts/../scripts/run-simple-scheduled-reports.sh: line 16: node: command not found
Sun Jun  1 09:13:00 CDT 2025: NextJS server is not running. Skipping scheduled reports check.
Sun Jun  1 09:14:00 CDT 2025: Checking if NextJS server is running...
Sun Jun  1 09:14:00 CDT 2025: Running scheduled reports
/Users/sim/Project2/scripts/../scripts/run-simple-scheduled-reports.sh: line 16: node: command not found
Sun Jun  1 09:14:00 CDT 2025: NextJS server is not running. Skipping scheduled reports check.
Sun Jun  1 09:15:00 CDT 2025: Checking if NextJS server is running...
Sun Jun  1 09:15:00 CDT 2025: Running scheduled reports
/Users/sim/Project2/scripts/../scripts/run-simple-scheduled-reports.sh: line 16: node: command not found
Sun Jun  1 09:15:00 CDT 2025: NextJS server is not running. Skipping scheduled reports check.
Sun Jun  1 09:16:00 CDT 2025: Running scheduled reports
Sun Jun  1 09:16:00 CDT 2025: Checking if NextJS server is running...
/Users/sim/Project2/scripts/../scripts/run-simple-scheduled-reports.sh: line 16: node: command not found
Sun Jun  1 09:16:00 CDT 2025: NextJS server is not running. Skipping scheduled reports check.
Sun Jun  1 09:17:01 CDT 2025: Checking if NextJS server is running...
Sun Jun  1 09:17:01 CDT 2025: Running scheduled reports
/Users/sim/Project2/scripts/../scripts/run-simple-scheduled-reports.sh: line 16: node: command not found
Sun Jun  1 09:17:01 CDT 2025: NextJS server is not running. Skipping scheduled reports check.
Sun Jun  1 09:18:00 CDT 2025: Running scheduled reports
Sun Jun  1 09:18:00 CDT 2025: Checking if NextJS server is running...
/Users/sim/Project2/scripts/../scripts/run-simple-scheduled-reports.sh: line 16: node: command not found
Sun Jun  1 09:18:00 CDT 2025: NextJS server is not running. Skipping scheduled reports check.
Sun Jun  1 09:19:00 CDT 2025: Checking if NextJS server is running...
Sun Jun  1 09:19:00 CDT 2025: Running scheduled reports
/Users/sim/Project2/scripts/../scripts/run-simple-scheduled-reports.sh: line 16: node: command not found
Sun Jun  1 09:19:00 CDT 2025: NextJS server is not running. Skipping scheduled reports check.
Sun Jun  1 09:20:00 CDT 2025: Running scheduled reports
Sun Jun  1 09:20:00 CDT 2025: Checking if NextJS server is running...
/Users/sim/Project2/scripts/../scripts/run-simple-scheduled-reports.sh: line 16: node: command not found
Sun Jun  1 09:20:00 CDT 2025: NextJS server is not running. Skipping scheduled reports check.
Sun Jun  1 13:09:00 CDT 2025: Running scheduled reports
Sun Jun  1 13:09:00 CDT 2025: Checking if NextJS server is running...
/Users/sim/Project2/scripts/../scripts/run-simple-scheduled-reports.sh: line 16: node: command not found
Sun Jun  1 13:09:00 CDT 2025: NextJS server is not running. Skipping scheduled reports check.
Sun Jun  1 13:10:01 CDT 2025: Running scheduled reports
Sun Jun  1 13:10:01 CDT 2025: Checking if NextJS server is running...
/Users/sim/Project2/scripts/../scripts/run-simple-scheduled-reports.sh: line 16: node: command not found
Sun Jun  1 13:10:01 CDT 2025: NextJS server is not running. Skipping scheduled reports check.
Sun Jun  1 13:11:00 CDT 2025: Running scheduled reports
Sun Jun  1 13:11:00 CDT 2025: Checking if NextJS server is running...
/Users/sim/Project2/scripts/../scripts/run-simple-scheduled-reports.sh: line 16: node: command not found
Sun Jun  1 13:11:00 CDT 2025: NextJS server is not running. Skipping scheduled reports check.
Sun Jun  1 13:12:00 CDT 2025: Checking if NextJS server is running...
Sun Jun  1 13:12:00 CDT 2025: Running scheduled reports
/Users/sim/Project2/scripts/../scripts/run-simple-scheduled-reports.sh: line 16: node: command not found
Sun Jun  1 13:12:00 CDT 2025: NextJS server is not running. Skipping scheduled reports check.
Sun Jun  1 13:13:00 CDT 2025: Running scheduled reports
Sun Jun  1 13:13:00 CDT 2025: Checking if NextJS server is running...
/Users/sim/Project2/scripts/../scripts/run-simple-scheduled-reports.sh: line 16: node: command not found
Sun Jun  1 13:13:00 CDT 2025: NextJS server is not running. Skipping scheduled reports check.
Sun Jun  1 13:14:00 CDT 2025: Checking if NextJS server is running...
Sun Jun  1 13:14:00 CDT 2025: Running scheduled reports
/Users/sim/Project2/scripts/../scripts/run-simple-scheduled-reports.sh: line 16: node: command not found
Sun Jun  1 13:14:00 CDT 2025: NextJS server is not running. Skipping scheduled reports check.
Sun Jun  1 13:15:00 CDT 2025: Running scheduled reports
Sun Jun  1 13:15:00 CDT 2025: Checking if NextJS server is running...
/Users/sim/Project2/scripts/../scripts/run-simple-scheduled-reports.sh: line 16: node: command not found
Sun Jun  1 13:15:00 CDT 2025: NextJS server is not running. Skipping scheduled reports check.
Sun Jun  1 13:16:01 CDT 2025: Checking if NextJS server is running...
Sun Jun  1 13:16:01 CDT 2025: Running scheduled reports
/Users/sim/Project2/scripts/../scripts/run-simple-scheduled-reports.sh: line 16: node: command not found
Sun Jun  1 13:16:01 CDT 2025: NextJS server is not running. Skipping scheduled reports check.
Sun Jun  1 13:17:00 CDT 2025: Running scheduled reports
Sun Jun  1 13:17:00 CDT 2025: Checking if NextJS server is running...
/Users/sim/Project2/scripts/../scripts/run-simple-scheduled-reports.sh: line 16: node: command not found
Sun Jun  1 13:17:00 CDT 2025: NextJS server is not running. Skipping scheduled reports check.
Sun Jun  1 13:18:00 CDT 2025: Checking if NextJS server is running...
Sun Jun  1 13:18:00 CDT 2025: Running scheduled reports
/Users/sim/Project2/scripts/../scripts/run-simple-scheduled-reports.sh: line 16: node: command not found
Sun Jun  1 13:18:00 CDT 2025: NextJS server is not running. Skipping scheduled reports check.
Sun Jun  1 13:19:01 CDT 2025: Running scheduled reports
Sun Jun  1 13:19:01 CDT 2025: Checking if NextJS server is running...
/Users/sim/Project2/scripts/../scripts/run-simple-scheduled-reports.sh: line 16: node: command not found
Sun Jun  1 13:19:01 CDT 2025: NextJS server is not running. Skipping scheduled reports check.
Sun Jun  1 13:20:00 CDT 2025: Checking if NextJS server is running...
Sun Jun  1 13:20:00 CDT 2025: Running scheduled reports
/Users/sim/Project2/scripts/../scripts/run-simple-scheduled-reports.sh: line 16: node: command not found
Sun Jun  1 13:20:00 CDT 2025: NextJS server is not running. Skipping scheduled reports check.
Sun Jun  1 13:21:00 CDT 2025: Checking if NextJS server is running...
Sun Jun  1 13:21:00 CDT 2025: Running scheduled reports
/Users/sim/Project2/scripts/../scripts/run-simple-scheduled-reports.sh: line 16: node: command not found
Sun Jun  1 13:21:00 CDT 2025: NextJS server is not running. Skipping scheduled reports check.
Sun Jun  1 13:22:00 CDT 2025: Checking if NextJS server is running...
Sun Jun  1 13:22:00 CDT 2025: Running scheduled reports
/Users/sim/Project2/scripts/../scripts/run-simple-scheduled-reports.sh: line 16: node: command not found
Sun Jun  1 13:22:00 CDT 2025: NextJS server is not running. Skipping scheduled reports check.
Sun Jun  1 13:23:00 CDT 2025: Running scheduled reports
Sun Jun  1 13:23:00 CDT 2025: Checking if NextJS server is running...
/Users/sim/Project2/scripts/../scripts/run-simple-scheduled-reports.sh: line 16: node: command not found
Sun Jun  1 13:23:00 CDT 2025: NextJS server is not running. Skipping scheduled reports check.
Sun Jun  1 13:24:00 CDT 2025: Checking if NextJS server is running...
Sun Jun  1 13:24:00 CDT 2025: Running scheduled reports
/Users/sim/Project2/scripts/../scripts/run-simple-scheduled-reports.sh: line 16: node: command not found
Sun Jun  1 13:24:00 CDT 2025: NextJS server is not running. Skipping scheduled reports check.
Sun Jun  1 13:25:00 CDT 2025: Running scheduled reports
Sun Jun  1 13:25:00 CDT 2025: Checking if NextJS server is running...
/Users/sim/Project2/scripts/../scripts/run-simple-scheduled-reports.sh: line 16: node: command not found
Sun Jun  1 13:25:01 CDT 2025: NextJS server is not running. Skipping scheduled reports check.
Sun Jun  1 13:26:00 CDT 2025: Running scheduled reports
Sun Jun  1 13:26:00 CDT 2025: Checking if NextJS server is running...
/Users/sim/Project2/scripts/../scripts/run-simple-scheduled-reports.sh: line 16: node: command not found
Sun Jun  1 13:26:00 CDT 2025: NextJS server is not running. Skipping scheduled reports check.
Sun Jun  1 13:27:00 CDT 2025: Checking if NextJS server is running...
Sun Jun  1 13:27:00 CDT 2025: Running scheduled reports
/Users/sim/Project2/scripts/../scripts/run-simple-scheduled-reports.sh: line 16: node: command not found
Sun Jun  1 13:27:00 CDT 2025: NextJS server is not running. Skipping scheduled reports check.
Sun Jun  1 13:28:00 CDT 2025: Checking if NextJS server is running...
Sun Jun  1 13:28:00 CDT 2025: Running scheduled reports
/Users/sim/Project2/scripts/../scripts/run-simple-scheduled-reports.sh: line 16: node: command not found
Sun Jun  1 13:28:00 CDT 2025: NextJS server is not running. Skipping scheduled reports check.
Sun Jun  1 13:29:00 CDT 2025: Running scheduled reports
Sun Jun  1 13:29:00 CDT 2025: Checking if NextJS server is running...
/Users/sim/Project2/scripts/../scripts/run-simple-scheduled-reports.sh: line 16: node: command not found
Sun Jun  1 13:29:00 CDT 2025: NextJS server is not running. Skipping scheduled reports check.
Sun Jun  1 13:30:00 CDT 2025: Checking if NextJS server is running...
Sun Jun  1 13:30:00 CDT 2025: Running scheduled reports
/Users/sim/Project2/scripts/../scripts/run-simple-scheduled-reports.sh: line 16: node: command not found
Sun Jun  1 13:30:00 CDT 2025: NextJS server is not running. Skipping scheduled reports check.
Sun Jun  1 13:31:00 CDT 2025: Checking if NextJS server is running...
Sun Jun  1 13:31:00 CDT 2025: Running scheduled reports
/Users/sim/Project2/scripts/../scripts/run-simple-scheduled-reports.sh: line 16: node: command not found
Sun Jun  1 13:31:00 CDT 2025: NextJS server is not running. Skipping scheduled reports check.
Sun Jun  1 13:32:01 CDT 2025: Checking if NextJS server is running...
Sun Jun  1 13:32:01 CDT 2025: Running scheduled reports
/Users/sim/Project2/scripts/../scripts/run-simple-scheduled-reports.sh: line 16: node: command not found
Sun Jun  1 13:32:01 CDT 2025: NextJS server is not running. Skipping scheduled reports check.
Sun Jun  1 13:33:00 CDT 2025: Running scheduled reports
Sun Jun  1 13:33:00 CDT 2025: Checking if NextJS server is running...
/Users/sim/Project2/scripts/../scripts/run-simple-scheduled-reports.sh: line 16: node: command not found
Sun Jun  1 13:33:00 CDT 2025: NextJS server is not running. Skipping scheduled reports check.
Sun Jun  1 13:34:00 CDT 2025: Running scheduled reports
Sun Jun  1 13:34:00 CDT 2025: Checking if NextJS server is running...
/Users/sim/Project2/scripts/../scripts/run-simple-scheduled-reports.sh: line 16: node: command not found
Sun Jun  1 13:34:00 CDT 2025: NextJS server is not running. Skipping scheduled reports check.
Sun Jun  1 13:35:00 CDT 2025: Running scheduled reports
Sun Jun  1 13:35:00 CDT 2025: Checking if NextJS server is running...
/Users/sim/Project2/scripts/../scripts/run-simple-scheduled-reports.sh: line 16: node: command not found
Sun Jun  1 13:35:00 CDT 2025: NextJS server is not running. Skipping scheduled reports check.
Sun Jun  1 13:36:00 CDT 2025: Running scheduled reports
Sun Jun  1 13:36:00 CDT 2025: Checking if NextJS server is running...
/Users/sim/Project2/scripts/../scripts/run-simple-scheduled-reports.sh: line 16: node: command not found
Sun Jun  1 13:36:00 CDT 2025: NextJS server is not running. Skipping scheduled reports check.
Sun Jun  1 13:37:00 CDT 2025: Running scheduled reports
Sun Jun  1 13:37:00 CDT 2025: Checking if NextJS server is running...
/Users/sim/Project2/scripts/../scripts/run-simple-scheduled-reports.sh: line 16: node: command not found
Sun Jun  1 13:37:00 CDT 2025: NextJS server is not running. Skipping scheduled reports check.
Sun Jun  1 13:38:01 CDT 2025: Running scheduled reports
Sun Jun  1 13:38:01 CDT 2025: Checking if NextJS server is running...
/Users/sim/Project2/scripts/../scripts/run-simple-scheduled-reports.sh: line 16: node: command not found
Sun Jun  1 13:38:01 CDT 2025: NextJS server is not running. Skipping scheduled reports check.
Sun Jun  1 13:39:00 CDT 2025: Checking if NextJS server is running...
Sun Jun  1 13:39:00 CDT 2025: Running scheduled reports
/Users/sim/Project2/scripts/../scripts/run-simple-scheduled-reports.sh: line 16: node: command not found
Sun Jun  1 13:39:00 CDT 2025: NextJS server is not running. Skipping scheduled reports check.
Sun Jun  1 13:40:00 CDT 2025: Running scheduled reports
Sun Jun  1 13:40:00 CDT 2025: Checking if NextJS server is running...
/Users/sim/Project2/scripts/../scripts/run-simple-scheduled-reports.sh: line 16: node: command not found
Sun Jun  1 13:40:00 CDT 2025: NextJS server is not running. Skipping scheduled reports check.
Sun Jun  1 13:41:00 CDT 2025: Running scheduled reports
Sun Jun  1 13:41:00 CDT 2025: Checking if NextJS server is running...
/Users/sim/Project2/scripts/../scripts/run-simple-scheduled-reports.sh: line 16: node: command not found
Sun Jun  1 13:41:00 CDT 2025: NextJS server is not running. Skipping scheduled reports check.
Sun Jun  1 13:42:00 CDT 2025: Running scheduled reports
Sun Jun  1 13:42:00 CDT 2025: Checking if NextJS server is running...
/Users/sim/Project2/scripts/../scripts/run-simple-scheduled-reports.sh: line 16: node: command not found
Sun Jun  1 13:42:00 CDT 2025: NextJS server is not running. Skipping scheduled reports check.
Sun Jun  1 13:43:00 CDT 2025: Running scheduled reports
/Users/sim/Project2/scripts/../scripts/run-simple-scheduled-reports.sh: line 16: node: command not found
Sun Jun  1 13:43:00 CDT 2025: Checking if NextJS server is running...
Sun Jun  1 13:43:00 CDT 2025: NextJS server is not running. Skipping scheduled reports check.
Sun Jun  1 13:44:00 CDT 2025: Running scheduled reports
Sun Jun  1 13:44:00 CDT 2025: Checking if NextJS server is running...
/Users/sim/Project2/scripts/../scripts/run-simple-scheduled-reports.sh: line 16: node: command not found
Sun Jun  1 13:44:00 CDT 2025: NextJS server is not running. Skipping scheduled reports check.
Sun Jun  1 13:45:01 CDT 2025: Running scheduled reports
Sun Jun  1 13:45:01 CDT 2025: Checking if NextJS server is running...
/Users/sim/Project2/scripts/../scripts/run-simple-scheduled-reports.sh: line 16: node: command not found
Sun Jun  1 13:45:01 CDT 2025: NextJS server is not running. Skipping scheduled reports check.
Sun Jun  1 13:46:00 CDT 2025: Running scheduled reports
Sun Jun  1 13:46:00 CDT 2025: Checking if NextJS server is running...
/Users/sim/Project2/scripts/../scripts/run-simple-scheduled-reports.sh: line 16: node: command not found
Sun Jun  1 13:46:00 CDT 2025: NextJS server is not running. Skipping scheduled reports check.
Sun Jun  1 13:47:00 CDT 2025: Running scheduled reports
Sun Jun  1 13:47:00 CDT 2025: Checking if NextJS server is running...
/Users/sim/Project2/scripts/../scripts/run-simple-scheduled-reports.sh: line 16: node: command not found
Sun Jun  1 13:47:00 CDT 2025: NextJS server is not running. Skipping scheduled reports check.
Sun Jun  1 13:48:00 CDT 2025: Running scheduled reports
Sun Jun  1 13:48:00 CDT 2025: Checking if NextJS server is running...
/Users/sim/Project2/scripts/../scripts/run-simple-scheduled-reports.sh: line 16: node: command not found
Sun Jun  1 13:48:00 CDT 2025: NextJS server is not running. Skipping scheduled reports check.
Sun Jun  1 13:49:00 CDT 2025: Running scheduled reports
Sun Jun  1 13:49:00 CDT 2025: Checking if NextJS server is running...
/Users/sim/Project2/scripts/../scripts/run-simple-scheduled-reports.sh: line 16: node: command not found
Sun Jun  1 13:49:00 CDT 2025: NextJS server is not running. Skipping scheduled reports check.
Sun Jun  1 13:50:00 CDT 2025: Checking if NextJS server is running...
Sun Jun  1 13:50:00 CDT 2025: Running scheduled reports
/Users/sim/Project2/scripts/../scripts/run-simple-scheduled-reports.sh: line 16: node: command not found
Sun Jun  1 13:50:01 CDT 2025: NextJS server is not running. Skipping scheduled reports check.
Sun Jun  1 13:51:00 CDT 2025: Running scheduled reports
Sun Jun  1 13:51:00 CDT 2025: Checking if NextJS server is running...
/Users/sim/Project2/scripts/../scripts/run-simple-scheduled-reports.sh: line 16: node: command not found
Sun Jun  1 13:51:00 CDT 2025: NextJS server is not running. Skipping scheduled reports check.
Sun Jun  1 13:52:00 CDT 2025: Running scheduled reports
Sun Jun  1 13:52:00 CDT 2025: Checking if NextJS server is running...
/Users/sim/Project2/scripts/../scripts/run-simple-scheduled-reports.sh: line 16: node: command not found
Sun Jun  1 13:52:00 CDT 2025: NextJS server is not running. Skipping scheduled reports check.
Sun Jun  1 13:53:00 CDT 2025: Running scheduled reports
Sun Jun  1 13:53:00 CDT 2025: Checking if NextJS server is running...
/Users/sim/Project2/scripts/../scripts/run-simple-scheduled-reports.sh: line 16: node: command not found
Sun Jun  1 13:53:00 CDT 2025: NextJS server is not running. Skipping scheduled reports check.
Sun Jun  1 13:54:00 CDT 2025: Running scheduled reports
Sun Jun  1 13:54:00 CDT 2025: Checking if NextJS server is running...
/Users/sim/Project2/scripts/../scripts/run-simple-scheduled-reports.sh: line 16: node: command not found
Sun Jun  1 13:54:00 CDT 2025: NextJS server is not running. Skipping scheduled reports check.
Sun Jun  1 13:55:00 CDT 2025: Checking if NextJS server is running...
Sun Jun  1 13:55:00 CDT 2025: Running scheduled reports
/Users/sim/Project2/scripts/../scripts/run-simple-scheduled-reports.sh: line 16: node: command not found
Sun Jun  1 13:55:01 CDT 2025: NextJS server is not running. Skipping scheduled reports check.
Sun Jun  1 13:56:00 CDT 2025: Running scheduled reports
Sun Jun  1 13:56:00 CDT 2025: Checking if NextJS server is running...
/Users/sim/Project2/scripts/../scripts/run-simple-scheduled-reports.sh: line 16: node: command not found
Sun Jun  1 13:56:00 CDT 2025: NextJS server is not running. Skipping scheduled reports check.
Sun Jun  1 13:57:00 CDT 2025: Checking if NextJS server is running...
Sun Jun  1 13:57:00 CDT 2025: Running scheduled reports
/Users/sim/Project2/scripts/../scripts/run-simple-scheduled-reports.sh: line 16: node: command not found
Sun Jun  1 13:57:00 CDT 2025: NextJS server is not running. Skipping scheduled reports check.
Sun Jun  1 13:58:00 CDT 2025: Checking if NextJS server is running...
Sun Jun  1 13:58:00 CDT 2025: Running scheduled reports
/Users/sim/Project2/scripts/../scripts/run-simple-scheduled-reports.sh: line 16: node: command not found
Sun Jun  1 13:58:00 CDT 2025: NextJS server is not running. Skipping scheduled reports check.
Sun Jun  1 13:59:00 CDT 2025: Checking if NextJS server is running...
Sun Jun  1 13:59:00 CDT 2025: Running scheduled reports
/Users/sim/Project2/scripts/../scripts/run-simple-scheduled-reports.sh: line 16: node: command not found
Sun Jun  1 13:59:00 CDT 2025: NextJS server is not running. Skipping scheduled reports check.
Sun Jun  1 14:00:00 CDT 2025: Running scheduled reports
Sun Jun  1 14:00:00 CDT 2025: Checking if NextJS server is running...
/Users/sim/Project2/scripts/../scripts/run-simple-scheduled-reports.sh: line 16: node: command not found
Sun Jun  1 14:00:00 CDT 2025: NextJS server is not running. Skipping scheduled reports check.
Sun Jun  1 14:01:00 CDT 2025: Running scheduled reports
Sun Jun  1 14:01:00 CDT 2025: Checking if NextJS server is running...
/Users/sim/Project2/scripts/../scripts/run-simple-scheduled-reports.sh: line 16: node: command not found
Sun Jun  1 14:01:01 CDT 2025: NextJS server is not running. Skipping scheduled reports check.
Sun Jun  1 14:02:00 CDT 2025: Running scheduled reports
Sun Jun  1 14:02:00 CDT 2025: Checking if NextJS server is running...
/Users/sim/Project2/scripts/../scripts/run-simple-scheduled-reports.sh: line 16: node: command not found
Sun Jun  1 14:02:00 CDT 2025: NextJS server is not running. Skipping scheduled reports check.
Sun Jun  1 14:03:00 CDT 2025: Running scheduled reports
Sun Jun  1 14:03:00 CDT 2025: Checking if NextJS server is running...
/Users/sim/Project2/scripts/../scripts/run-simple-scheduled-reports.sh: line 16: node: command not found
Sun Jun  1 14:03:00 CDT 2025: NextJS server is not running. Skipping scheduled reports check.
Sun Jun  1 14:04:00 CDT 2025: Checking if NextJS server is running...
Sun Jun  1 14:04:00 CDT 2025: Running scheduled reports
/Users/sim/Project2/scripts/../scripts/run-simple-scheduled-reports.sh: line 16: node: command not found
Sun Jun  1 14:04:00 CDT 2025: NextJS server is not running. Skipping scheduled reports check.
Sun Jun  1 14:05:00 CDT 2025: Running scheduled reports
Sun Jun  1 14:05:00 CDT 2025: Checking if NextJS server is running...
/Users/sim/Project2/scripts/../scripts/run-simple-scheduled-reports.sh: line 16: node: command not found
Sun Jun  1 14:05:00 CDT 2025: NextJS server is not running. Skipping scheduled reports check.
Sun Jun  1 14:06:01 CDT 2025: Running scheduled reports
Sun Jun  1 14:06:01 CDT 2025: Checking if NextJS server is running...
/Users/sim/Project2/scripts/../scripts/run-simple-scheduled-reports.sh: line 16: node: command not found
Sun Jun  1 14:06:01 CDT 2025: NextJS server is not running. Skipping scheduled reports check.
Sun Jun  1 14:07:00 CDT 2025: Checking if NextJS server is running...
Sun Jun  1 14:07:00 CDT 2025: Running scheduled reports
/Users/sim/Project2/scripts/../scripts/run-simple-scheduled-reports.sh: line 16: node: command not found
Sun Jun  1 14:07:00 CDT 2025: NextJS server is not running. Skipping scheduled reports check.
Sun Jun  1 14:08:00 CDT 2025: Running scheduled reports
Sun Jun  1 14:08:00 CDT 2025: Checking if NextJS server is running...
/Users/sim/Project2/scripts/../scripts/run-simple-scheduled-reports.sh: line 16: node: command not found
Sun Jun  1 14:08:00 CDT 2025: NextJS server is not running. Skipping scheduled reports check.
Sun Jun  1 14:09:00 CDT 2025: Checking if NextJS server is running...
Sun Jun  1 14:09:00 CDT 2025: Running scheduled reports
/Users/sim/Project2/scripts/../scripts/run-simple-scheduled-reports.sh: line 16: node: command not found
Sun Jun  1 14:09:00 CDT 2025: NextJS server is not running. Skipping scheduled reports check.
Sun Jun  1 14:10:00 CDT 2025: Running scheduled reports
Sun Jun  1 14:10:00 CDT 2025: Checking if NextJS server is running...
/Users/sim/Project2/scripts/../scripts/run-simple-scheduled-reports.sh: line 16: node: command not found
Sun Jun  1 14:10:00 CDT 2025: NextJS server is not running. Skipping scheduled reports check.
Sun Jun  1 14:11:00 CDT 2025: Running scheduled reports
Sun Jun  1 14:11:00 CDT 2025: Checking if NextJS server is running...
/Users/sim/Project2/scripts/../scripts/run-simple-scheduled-reports.sh: line 16: node: command not found
Sun Jun  1 14:11:00 CDT 2025: NextJS server is not running. Skipping scheduled reports check.
Sun Jun  1 14:12:01 CDT 2025: Checking if NextJS server is running...
Sun Jun  1 14:12:01 CDT 2025: Running scheduled reports
/Users/sim/Project2/scripts/../scripts/run-simple-scheduled-reports.sh: line 16: node: command not found
Sun Jun  1 14:12:01 CDT 2025: NextJS server is not running. Skipping scheduled reports check.
Sun Jun  1 14:13:00 CDT 2025: Checking if NextJS server is running...
Sun Jun  1 14:13:00 CDT 2025: Running scheduled reports
/Users/sim/Project2/scripts/../scripts/run-simple-scheduled-reports.sh: line 16: node: command not found
Sun Jun  1 14:13:00 CDT 2025: NextJS server is not running. Skipping scheduled reports check.
Sun Jun  1 14:14:00 CDT 2025: Running scheduled reports
Sun Jun  1 14:14:00 CDT 2025: Checking if NextJS server is running...
/Users/sim/Project2/scripts/../scripts/run-simple-scheduled-reports.sh: line 16: node: command not found
Sun Jun  1 14:14:00 CDT 2025: NextJS server is not running. Skipping scheduled reports check.
Sun Jun  1 14:15:00 CDT 2025: Checking if NextJS server is running...
Sun Jun  1 14:15:00 CDT 2025: Running scheduled reports
/Users/sim/Project2/scripts/../scripts/run-simple-scheduled-reports.sh: line 16: node: command not found
Sun Jun  1 14:15:00 CDT 2025: NextJS server is not running. Skipping scheduled reports check.
Sun Jun  1 14:16:00 CDT 2025: Checking if NextJS server is running...
Sun Jun  1 14:16:00 CDT 2025: Running scheduled reports
/Users/sim/Project2/scripts/../scripts/run-simple-scheduled-reports.sh: line 16: node: command not found
Sun Jun  1 14:16:00 CDT 2025: NextJS server is not running. Skipping scheduled reports check.
Sun Jun  1 14:17:00 CDT 2025: Checking if NextJS server is running...
Sun Jun  1 14:17:00 CDT 2025: Running scheduled reports
/Users/sim/Project2/scripts/../scripts/run-simple-scheduled-reports.sh: line 16: node: command not found
Sun Jun  1 14:17:00 CDT 2025: NextJS server is not running. Skipping scheduled reports check.
Sun Jun  1 14:18:00 CDT 2025: Running scheduled reports
Sun Jun  1 14:18:00 CDT 2025: Checking if NextJS server is running...
/Users/sim/Project2/scripts/../scripts/run-simple-scheduled-reports.sh: line 16: node: command not found
Sun Jun  1 14:18:00 CDT 2025: NextJS server is not running. Skipping scheduled reports check.
Sun Jun  1 14:19:01 CDT 2025: Running scheduled reports
Sun Jun  1 14:19:01 CDT 2025: Checking if NextJS server is running...
/Users/sim/Project2/scripts/../scripts/run-simple-scheduled-reports.sh: line 16: node: command not found
Sun Jun  1 14:19:01 CDT 2025: NextJS server is not running. Skipping scheduled reports check.
Sun Jun  1 14:20:00 CDT 2025: Checking if NextJS server is running...
Sun Jun  1 14:20:00 CDT 2025: Running scheduled reports
/Users/sim/Project2/scripts/../scripts/run-simple-scheduled-reports.sh: line 16: node: command not found
Sun Jun  1 14:20:00 CDT 2025: NextJS server is not running. Skipping scheduled reports check.
Sun Jun  1 14:21:00 CDT 2025: Checking if NextJS server is running...
Sun Jun  1 14:21:00 CDT 2025: Running scheduled reports
/Users/sim/Project2/scripts/../scripts/run-simple-scheduled-reports.sh: line 16: node: command not found
Sun Jun  1 14:21:00 CDT 2025: NextJS server is not running. Skipping scheduled reports check.
Sun Jun  1 14:22:00 CDT 2025: Running scheduled reports
Sun Jun  1 14:22:00 CDT 2025: Checking if NextJS server is running...
/Users/sim/Project2/scripts/../scripts/run-simple-scheduled-reports.sh: line 16: node: command not found
Sun Jun  1 14:22:00 CDT 2025: NextJS server is not running. Skipping scheduled reports check.
Sun Jun  1 14:23:00 CDT 2025: Running scheduled reports
Sun Jun  1 14:23:00 CDT 2025: Checking if NextJS server is running...
/Users/sim/Project2/scripts/../scripts/run-simple-scheduled-reports.sh: line 16: node: command not found
Sun Jun  1 14:23:00 CDT 2025: NextJS server is not running. Skipping scheduled reports check.
Sun Jun  1 14:24:00 CDT 2025: Running scheduled reports
Sun Jun  1 14:24:00 CDT 2025: Checking if NextJS server is running...
/Users/sim/Project2/scripts/../scripts/run-simple-scheduled-reports.sh: line 16: node: command not found
Sun Jun  1 14:24:01 CDT 2025: NextJS server is not running. Skipping scheduled reports check.
Sun Jun  1 14:25:00 CDT 2025: Running scheduled reports
Sun Jun  1 14:25:00 CDT 2025: Checking if NextJS server is running...
/Users/sim/Project2/scripts/../scripts/run-simple-scheduled-reports.sh: line 16: node: command not found
Sun Jun  1 14:25:00 CDT 2025: NextJS server is not running. Skipping scheduled reports check.
Sun Jun  1 14:26:00 CDT 2025: Checking if NextJS server is running...
Sun Jun  1 14:26:00 CDT 2025: Running scheduled reports
/Users/sim/Project2/scripts/../scripts/run-simple-scheduled-reports.sh: line 16: node: command not found
Sun Jun  1 14:26:00 CDT 2025: NextJS server is not running. Skipping scheduled reports check.
Sun Jun  1 14:27:00 CDT 2025: Running scheduled reports
Sun Jun  1 14:27:00 CDT 2025: Checking if NextJS server is running...
/Users/sim/Project2/scripts/../scripts/run-simple-scheduled-reports.sh: line 16: node: command not found
Sun Jun  1 14:27:00 CDT 2025: NextJS server is not running. Skipping scheduled reports check.
Sun Jun  1 14:28:00 CDT 2025: Checking if NextJS server is running...
Sun Jun  1 14:28:00 CDT 2025: Running scheduled reports
/Users/sim/Project2/scripts/../scripts/run-simple-scheduled-reports.sh: line 16: node: command not found
Sun Jun  1 14:28:00 CDT 2025: NextJS server is not running. Skipping scheduled reports check.
Sun Jun  1 14:29:00 CDT 2025: Running scheduled reports
Sun Jun  1 14:29:00 CDT 2025: Checking if NextJS server is running...
/Users/sim/Project2/scripts/../scripts/run-simple-scheduled-reports.sh: line 16: node: command not found
Sun Jun  1 14:29:00 CDT 2025: NextJS server is not running. Skipping scheduled reports check.
Sun Jun  1 14:30:00 CDT 2025: Running scheduled reports
Sun Jun  1 14:30:00 CDT 2025: Checking if NextJS server is running...
/Users/sim/Project2/scripts/../scripts/run-simple-scheduled-reports.sh: line 16: node: command not found
Sun Jun  1 14:30:01 CDT 2025: NextJS server is not running. Skipping scheduled reports check.
Sun Jun  1 14:31:00 CDT 2025: Checking if NextJS server is running...
Sun Jun  1 14:31:00 CDT 2025: Running scheduled reports
/Users/sim/Project2/scripts/../scripts/run-simple-scheduled-reports.sh: line 16: node: command not found
Sun Jun  1 14:31:00 CDT 2025: NextJS server is not running. Skipping scheduled reports check.
Sun Jun  1 14:32:00 CDT 2025: Running scheduled reports
Sun Jun  1 14:32:00 CDT 2025: Checking if NextJS server is running...
/Users/sim/Project2/scripts/../scripts/run-simple-scheduled-reports.sh: line 16: node: command not found
Sun Jun  1 14:32:00 CDT 2025: NextJS server is not running. Skipping scheduled reports check.
Sun Jun  1 14:33:00 CDT 2025: Running scheduled reports
Sun Jun  1 14:33:00 CDT 2025: Checking if NextJS server is running...
/Users/sim/Project2/scripts/../scripts/run-simple-scheduled-reports.sh: line 16: node: command not found
Sun Jun  1 14:33:00 CDT 2025: NextJS server is not running. Skipping scheduled reports check.
Sun Jun  1 14:34:00 CDT 2025: Running scheduled reports
Sun Jun  1 14:34:00 CDT 2025: Checking if NextJS server is running...
/Users/sim/Project2/scripts/../scripts/run-simple-scheduled-reports.sh: line 16: node: command not found
Sun Jun  1 14:34:00 CDT 2025: NextJS server is not running. Skipping scheduled reports check.
Sun Jun  1 14:35:00 CDT 2025: Checking if NextJS server is running...
Sun Jun  1 14:35:00 CDT 2025: Running scheduled reports
/Users/sim/Project2/scripts/../scripts/run-simple-scheduled-reports.sh: line 16: node: command not found
Sun Jun  1 14:35:00 CDT 2025: NextJS server is not running. Skipping scheduled reports check.
Sun Jun  1 14:36:00 CDT 2025: Running scheduled reports
Sun Jun  1 14:36:00 CDT 2025: Checking if NextJS server is running...
/Users/sim/Project2/scripts/../scripts/run-simple-scheduled-reports.sh: line 16: node: command not found
Sun Jun  1 14:36:01 CDT 2025: NextJS server is not running. Skipping scheduled reports check.
Sun Jun  1 14:37:00 CDT 2025: Running scheduled reports
Sun Jun  1 14:37:00 CDT 2025: Checking if NextJS server is running...
/Users/sim/Project2/scripts/../scripts/run-simple-scheduled-reports.sh: line 16: node: command not found
Sun Jun  1 14:37:00 CDT 2025: NextJS server is not running. Skipping scheduled reports check.
Sun Jun  1 14:38:00 CDT 2025: Checking if NextJS server is running...
Sun Jun  1 14:38:00 CDT 2025: Running scheduled reports
/Users/sim/Project2/scripts/../scripts/run-simple-scheduled-reports.sh: line 16: node: command not found
Sun Jun  1 14:38:00 CDT 2025: NextJS server is not running. Skipping scheduled reports check.
Sun Jun  1 14:39:00 CDT 2025: Checking if NextJS server is running...
Sun Jun  1 14:39:00 CDT 2025: Running scheduled reports
/Users/sim/Project2/scripts/../scripts/run-simple-scheduled-reports.sh: line 16: node: command not found
Sun Jun  1 14:39:00 CDT 2025: NextJS server is not running. Skipping scheduled reports check.
Sun Jun  1 14:40:00 CDT 2025: Running scheduled reports
Sun Jun  1 14:40:00 CDT 2025: Checking if NextJS server is running...
/Users/sim/Project2/scripts/../scripts/run-simple-scheduled-reports.sh: line 16: node: command not found
Sun Jun  1 14:40:00 CDT 2025: NextJS server is not running. Skipping scheduled reports check.
Sun Jun  1 14:41:00 CDT 2025: Checking if NextJS server is running...
Sun Jun  1 14:41:00 CDT 2025: Running scheduled reports
/Users/sim/Project2/scripts/../scripts/run-simple-scheduled-reports.sh: line 16: node: command not found
Sun Jun  1 14:41:00 CDT 2025: NextJS server is not running. Skipping scheduled reports check.
Sun Jun  1 14:42:00 CDT 2025: Checking if NextJS server is running...
Sun Jun  1 14:42:00 CDT 2025: Running scheduled reports
/Users/sim/Project2/scripts/../scripts/run-simple-scheduled-reports.sh: line 16: node: command not found
Sun Jun  1 14:42:00 CDT 2025: NextJS server is not running. Skipping scheduled reports check.
Sun Jun  1 14:43:01 CDT 2025: Checking if NextJS server is running...
Sun Jun  1 14:43:01 CDT 2025: Running scheduled reports
/Users/sim/Project2/scripts/../scripts/run-simple-scheduled-reports.sh: line 16: node: command not found
Sun Jun  1 14:43:01 CDT 2025: NextJS server is not running. Skipping scheduled reports check.
Sun Jun  1 14:44:00 CDT 2025: Running scheduled reports
Sun Jun  1 14:44:00 CDT 2025: Checking if NextJS server is running...
/Users/sim/Project2/scripts/../scripts/run-simple-scheduled-reports.sh: line 16: node: command not found
Sun Jun  1 14:44:00 CDT 2025: NextJS server is not running. Skipping scheduled reports check.
Sun Jun  1 14:45:00 CDT 2025: Checking if NextJS server is running...
Sun Jun  1 14:45:00 CDT 2025: Running scheduled reports
/Users/sim/Project2/scripts/../scripts/run-simple-scheduled-reports.sh: line 16: node: command not found
Sun Jun  1 14:45:00 CDT 2025: NextJS server is not running. Skipping scheduled reports check.
Sun Jun  1 14:46:00 CDT 2025: Checking if NextJS server is running...
Sun Jun  1 14:46:00 CDT 2025: Running scheduled reports
/Users/sim/Project2/scripts/../scripts/run-simple-scheduled-reports.sh: line 16: node: command not found
Sun Jun  1 14:46:00 CDT 2025: NextJS server is not running. Skipping scheduled reports check.
Sun Jun  1 14:47:00 CDT 2025: Checking if NextJS server is running...
Sun Jun  1 14:47:00 CDT 2025: Running scheduled reports
/Users/sim/Project2/scripts/../scripts/run-simple-scheduled-reports.sh: line 16: node: command not found
Sun Jun  1 14:47:00 CDT 2025: NextJS server is not running. Skipping scheduled reports check.
Sun Jun  1 14:48:00 CDT 2025: Checking if NextJS server is running...
Sun Jun  1 14:48:00 CDT 2025: Running scheduled reports
/Users/sim/Project2/scripts/../scripts/run-simple-scheduled-reports.sh: line 16: node: command not found
Sun Jun  1 14:48:00 CDT 2025: NextJS server is not running. Skipping scheduled reports check.
Sun Jun  1 14:49:01 CDT 2025: Running scheduled reports
Sun Jun  1 14:49:01 CDT 2025: Checking if NextJS server is running...
/Users/sim/Project2/scripts/../scripts/run-simple-scheduled-reports.sh: line 16: node: command not found
Sun Jun  1 14:49:01 CDT 2025: NextJS server is not running. Skipping scheduled reports check.
Sun Jun  1 14:50:00 CDT 2025: Checking if NextJS server is running...
Sun Jun  1 14:50:00 CDT 2025: Running scheduled reports
/Users/sim/Project2/scripts/../scripts/run-simple-scheduled-reports.sh: line 16: node: command not found
Sun Jun  1 14:50:00 CDT 2025: NextJS server is not running. Skipping scheduled reports check.
Sun Jun  1 14:51:00 CDT 2025: Checking if NextJS server is running...
Sun Jun  1 14:51:00 CDT 2025: Running scheduled reports
/Users/sim/Project2/scripts/../scripts/run-simple-scheduled-reports.sh: line 16: node: command not found
Sun Jun  1 14:51:00 CDT 2025: NextJS server is not running. Skipping scheduled reports check.
Sun Jun  1 14:52:00 CDT 2025: Checking if NextJS server is running...
Sun Jun  1 14:52:00 CDT 2025: Running scheduled reports
/Users/sim/Project2/scripts/../scripts/run-simple-scheduled-reports.sh: line 16: node: command not found
Sun Jun  1 14:52:00 CDT 2025: NextJS server is not running. Skipping scheduled reports check.
Sun Jun  1 14:53:00 CDT 2025: Checking if NextJS server is running...
Sun Jun  1 14:53:00 CDT 2025: Running scheduled reports
/Users/sim/Project2/scripts/../scripts/run-simple-scheduled-reports.sh: line 16: node: command not found
Sun Jun  1 14:53:00 CDT 2025: NextJS server is not running. Skipping scheduled reports check.
Sun Jun  1 14:54:00 CDT 2025: Checking if NextJS server is running...
Sun Jun  1 14:54:00 CDT 2025: Running scheduled reports
/Users/sim/Project2/scripts/../scripts/run-simple-scheduled-reports.sh: line 16: node: command not found
Sun Jun  1 14:54:00 CDT 2025: NextJS server is not running. Skipping scheduled reports check.
Sun Jun  1 14:55:00 CDT 2025: Checking if NextJS server is running...
Sun Jun  1 14:55:00 CDT 2025: Running scheduled reports
/Users/sim/Project2/scripts/../scripts/run-simple-scheduled-reports.sh: line 16: node: command not found
Sun Jun  1 14:55:01 CDT 2025: NextJS server is not running. Skipping scheduled reports check.
Sun Jun  1 14:56:00 CDT 2025: Running scheduled reports
Sun Jun  1 14:56:00 CDT 2025: Checking if NextJS server is running...
/Users/sim/Project2/scripts/../scripts/run-simple-scheduled-reports.sh: line 16: node: command not found
Sun Jun  1 14:56:00 CDT 2025: NextJS server is not running. Skipping scheduled reports check.
Sun Jun  1 14:57:00 CDT 2025: Running scheduled reports
Sun Jun  1 14:57:00 CDT 2025: Checking if NextJS server is running...
/Users/sim/Project2/scripts/../scripts/run-simple-scheduled-reports.sh: line 16: node: command not found
Sun Jun  1 14:57:00 CDT 2025: NextJS server is not running. Skipping scheduled reports check.
Sun Jun  1 14:58:00 CDT 2025: Running scheduled reports
Sun Jun  1 14:58:00 CDT 2025: Checking if NextJS server is running...
/Users/sim/Project2/scripts/../scripts/run-simple-scheduled-reports.sh: line 16: node: command not found
Sun Jun  1 14:58:00 CDT 2025: NextJS server is not running. Skipping scheduled reports check.
Sun Jun  1 14:59:00 CDT 2025: Checking if NextJS server is running...
Sun Jun  1 14:59:00 CDT 2025: Running scheduled reports
/Users/sim/Project2/scripts/../scripts/run-simple-scheduled-reports.sh: line 16: node: command not found
Sun Jun  1 14:59:00 CDT 2025: NextJS server is not running. Skipping scheduled reports check.
Sun Jun  1 15:00:00 CDT 2025: Running scheduled reports
Sun Jun  1 15:00:00 CDT 2025: Checking if NextJS server is running...
/Users/sim/Project2/scripts/../scripts/run-simple-scheduled-reports.sh: line 16: node: command not found
Sun Jun  1 15:00:00 CDT 2025: NextJS server is not running. Skipping scheduled reports check.
Sun Jun  1 15:01:01 CDT 2025: Running scheduled reports
Sun Jun  1 15:01:01 CDT 2025: Checking if NextJS server is running...
/Users/sim/Project2/scripts/../scripts/run-simple-scheduled-reports.sh: line 16: node: command not found
Sun Jun  1 15:01:01 CDT 2025: NextJS server is not running. Skipping scheduled reports check.
Sun Jun  1 15:02:00 CDT 2025: Running scheduled reports
Sun Jun  1 15:02:00 CDT 2025: Checking if NextJS server is running...
/Users/sim/Project2/scripts/../scripts/run-simple-scheduled-reports.sh: line 16: node: command not found
Sun Jun  1 15:02:00 CDT 2025: NextJS server is not running. Skipping scheduled reports check.
Sun Jun  1 15:03:00 CDT 2025: Checking if NextJS server is running...
Sun Jun  1 15:03:00 CDT 2025: Running scheduled reports
/Users/sim/Project2/scripts/../scripts/run-simple-scheduled-reports.sh: line 16: node: command not found
Sun Jun  1 15:03:00 CDT 2025: NextJS server is not running. Skipping scheduled reports check.
Sun Jun  1 15:04:00 CDT 2025: Running scheduled reports
Sun Jun  1 15:04:00 CDT 2025: Checking if NextJS server is running...
/Users/sim/Project2/scripts/../scripts/run-simple-scheduled-reports.sh: line 16: node: command not found
Sun Jun  1 15:04:00 CDT 2025: NextJS server is not running. Skipping scheduled reports check.
Sun Jun  1 15:05:01 CDT 2025: Checking if NextJS server is running...
Sun Jun  1 15:05:01 CDT 2025: Running scheduled reports
/Users/sim/Project2/scripts/../scripts/run-simple-scheduled-reports.sh: line 16: node: command not found
Sun Jun  1 15:05:01 CDT 2025: NextJS server is not running. Skipping scheduled reports check.
Sun Jun  1 15:06:00 CDT 2025: Checking if NextJS server is running...
Sun Jun  1 15:06:00 CDT 2025: Running scheduled reports
/Users/sim/Project2/scripts/../scripts/run-simple-scheduled-reports.sh: line 16: node: command not found
Sun Jun  1 15:06:00 CDT 2025: NextJS server is not running. Skipping scheduled reports check.
Sun Jun  1 15:07:00 CDT 2025: Running scheduled reports
Sun Jun  1 15:07:00 CDT 2025: Checking if NextJS server is running...
/Users/sim/Project2/scripts/../scripts/run-simple-scheduled-reports.sh: line 16: node: command not found
Sun Jun  1 15:07:00 CDT 2025: NextJS server is not running. Skipping scheduled reports check.
Sun Jun  1 15:08:00 CDT 2025: Running scheduled reports
Sun Jun  1 15:08:00 CDT 2025: Checking if NextJS server is running...
/Users/sim/Project2/scripts/../scripts/run-simple-scheduled-reports.sh: line 16: node: command not found
Sun Jun  1 15:08:00 CDT 2025: NextJS server is not running. Skipping scheduled reports check.
