node:internal/modules/cjs/loader:1408
  throw err;
  ^

Error: Cannot find module 'express'
Require stack:
- /Users/sim/Project2/scripts/subscription_monitor.js
    at Module._resolveFilename (node:internal/modules/cjs/loader:1405:15)
    at defaultResolveImpl (node:internal/modules/cjs/loader:1061:19)
    at resolveForCJSWithHooks (node:internal/modules/cjs/loader:1066:22)
    at Module._load (node:internal/modules/cjs/loader:1215:37)
    at TracingChannel.traceSync (node:diagnostics_channel:322:14)
    at wrapModuleLoad (node:internal/modules/cjs/loader:235:24)
    at Module.require (node:internal/modules/cjs/loader:1491:12)
    at require (node:internal/modules/helpers:135:16)
    at Object.<anonymous> (/Users/sim/Project2/scripts/subscription_monitor.js:18:17)
    at Module._compile (node:internal/modules/cjs/loader:1734:14) {
  code: 'MODULE_NOT_FOUND',
  requireStack: [ '/Users/sim/Project2/scripts/subscription_monitor.js' ]
}

Node.js v24.1.0
Connecting to main database...
Connected to main database
Subscription monitor is running on port 3333
Listening for Stripe webhook events...
Shutting down subscription monitor...
All connections closed
Connecting to main database...
Connected to main database
Subscription monitor is running on port 3333
Listening for Stripe webhook events...
Received subscription deletion event: sub_1RWvPyQY3NVUyJalK7X6RDFW
Updating paid status to false for all users in company_eoVVtJ2e
Connecting to database: company_eovvtj2e
Connection URI: mongodb+srv://simarjotsingh5244:NUMotMgntP7AcNrQ@cluster0.nen0dzs.mongodb.net/company_eovvtj2e
Successfully connected to company_eovvtj2e
Updated paid status for 3 users in company_eoVVtJ2e
Processed subscription change for company eoVVtJ2e: Status=canceled, Paid=false
Received subscription deletion event: sub_1RWw63QY3NVUyJalpWWjVAH2
Updating paid status to false for all users in company_eoVVtJ2e
Updated paid status for 0 users in company_eoVVtJ2e
Processed subscription change for company eoVVtJ2e: Status=canceled, Paid=false
Shutting down subscription monitor...
All connections closed
